Ablation: 13 configs × 3 languages = 39 searches

[01/13] Full best (reference)                          EN=0.5172  FR=0.5145  DE=0.3841  Avg=0.4719
[02/13] − authorsBoost                                 EN=0.5086  FR=0.4973  DE=0.3646  Avg=0.4568
[03/13] − topKQueryTerms (use all terms)               EN=0.5100  FR=0.5131  DE=0.3826  Avg=0.4686
[04/13] − authorsBoost − topKQueryTerms                EN=0.5026  FR=0.5033  DE=0.3540  Avg=0.4533
[05/13] − abstractBoost (restore abs^1.0)              EN=0.4983  FR=0.4885  DE=0.3548  Avg=0.4472
[06/13] − abstractBoost − authorsBoost                 EN=0.4993  FR=0.4880  DE=0.3351  Avg=0.4408
[07/13] − abstractBoost − topK − authors               EN=0.4874  FR=0.4919  DE=0.3323  Avg=0.4372
[08/13] + venueBoost=0.3                               EN=0.5169  FR=0.5156  DE=0.3838  Avg=0.4721
[09/13] + venueBoost=0.5                               EN=0.5174  FR=0.5155  DE=0.3835  Avg=0.4721
[10/13] queryMode=mixed (must=2)                       EN=0.0752  FR=0.1233  DE=0.0635  Avg=0.0873
[11/13] queryMode=mixed (must=3)                       EN=0.0493  FR=0.0703  DE=0.0311  Avg=0.0502
[12/13] queryMode=must (all MUST)                      EN=0.0151  FR=0.0043  DE=0.0026  Avg=0.0073
[13/13] Simple baseline (t^2 a^1 no auth no topK)      EN=0.4874  FR=0.4919  DE=0.3323  Avg=0.4372

Configs restored.

================================================================================
  ABLATION TABLE  (reference: Full best (reference))
  ref: EN=0.5172  FR=0.5145  DE=0.3841  Avg=0.4719
================================================================================

Config                                        |      EN |      FR |      DE |     Avg |   Δ Avg
----------------------------------------------+---------+---------+---------+---------+--------
Full best (reference)                         |  0.5172 |  0.5145 |  0.3841 |  0.4719 | +0.0000  ◄
− authorsBoost                                |  0.5086 |  0.4973 |  0.3646 |  0.4568 | -0.0151  ↓
− topKQueryTerms (use all terms)              |  0.5100 |  0.5131 |  0.3826 |  0.4686 | -0.0034  ↓
− authorsBoost − topKQueryTerms               |  0.5026 |  0.5033 |  0.3540 |  0.4533 | -0.0186  ↓
− abstractBoost (restore abs^1.0)             |  0.4983 |  0.4885 |  0.3548 |  0.4472 | -0.0247  ↓
− abstractBoost − authorsBoost                |  0.4993 |  0.4880 |  0.3351 |  0.4408 | -0.0311  ↓
− abstractBoost − topK − authors              |  0.4874 |  0.4919 |  0.3323 |  0.4372 | -0.0347  ↓
+ venueBoost=0.3                              |  0.5169 |  0.5156 |  0.3838 |  0.4721 | +0.0002  ~
+ venueBoost=0.5                              |  0.5174 |  0.5155 |  0.3835 |  0.4721 | +0.0002  ~
queryMode=mixed (must=2)                      |  0.0752 |  0.1233 |  0.0635 |  0.0873 | -0.3846  ↓
queryMode=mixed (must=3)                      |  0.0493 |  0.0703 |  0.0311 |  0.0502 | -0.4217  ↓
queryMode=must (all MUST)                     |  0.0151 |  0.0043 |  0.0026 |  0.0073 | -0.4646  ↓
Simple baseline (t^2 a^1 no auth no topK)     |  0.4874 |  0.4919 |  0.3323 |  0.4372 | -0.0347  ↓
----------------------------------------------+---------+---------+---------+---------+--------

Component contributions (vs Full best):
  authorsBoost          contributes  +0.0151 Avg MRR@5
  topKQueryTerms        contributes  +0.0034 Avg MRR@5
  abstractBoost         contributes  +0.0247 Avg MRR@5
