Reusing existing index at /Users/nothingtodo/IdeaProjects/seupd2526-nexa/experiment/index

Sweeping 7 k1 × 5 b = 35 combinations × 3 languages = 105 searches

[01/35] k1=0.5  b=0.0   EN=0.4492  FR=0.4338  DE=0.2968  Avg=0.3933
[02/35] k1=0.5  b=0.25  EN=0.4654  FR=0.4563  DE=0.3203  Avg=0.4140
[03/35] k1=0.5  b=0.5   EN=0.4728  FR=0.4674  DE=0.3270  Avg=0.4224
[04/35] k1=0.5  b=0.75  EN=0.4791  FR=0.4762  DE=0.3293  Avg=0.4282
[05/35] k1=0.5  b=1.0   EN=0.4810  FR=0.4838  DE=0.3324  Avg=0.4324
[06/35] k1=0.8  b=0.0   EN=0.4447  FR=0.4239  DE=0.2978  Avg=0.3888
[07/35] k1=0.8  b=0.25  EN=0.4683  FR=0.4592  DE=0.3256  Avg=0.4177
[08/35] k1=0.8  b=0.5   EN=0.4783  FR=0.4756  DE=0.3330  Avg=0.4290
[09/35] k1=0.8  b=0.75  EN=0.4832  FR=0.4842  DE=0.3363  Avg=0.4346
[10/35] k1=0.8  b=1.0   EN=0.4853  FR=0.4866  DE=0.3333  Avg=0.4350
[11/35] k1=1.0  b=0.0   EN=0.4419  FR=0.4243  DE=0.2986  Avg=0.3883
[12/35] k1=1.0  b=0.25  EN=0.4687  FR=0.4643  DE=0.3310  Avg=0.4213
[13/35] k1=1.0  b=0.5   EN=0.4788  FR=0.4775  DE=0.3354  Avg=0.4306
[14/35] k1=1.0  b=0.75  EN=0.4838  FR=0.4882  DE=0.3352  Avg=0.4357
[15/35] k1=1.0  b=1.0   EN=0.4863  FR=0.4847  DE=0.3296  Avg=0.4335
[16/35] k1=1.2  b=0.0   EN=0.4376  FR=0.4246  DE=0.2948  Avg=0.3857
[17/35] k1=1.2  b=0.25  EN=0.4698  FR=0.4671  DE=0.3297  Avg=0.4222
[18/35] k1=1.2  b=0.5   EN=0.4791  FR=0.4792  DE=0.3377  Avg=0.4320
[19/35] k1=1.2  b=0.75  EN=0.4856  FR=0.4882  DE=0.3289  Avg=0.4342
[20/35] k1=1.2  b=1.0   EN=0.4857  FR=0.4844  DE=0.3278  Avg=0.4327
[21/35] k1=1.5  b=0.0   EN=0.4320  FR=0.4162  DE=0.2930  Avg=0.3804
[22/35] k1=1.5  b=0.25  EN=0.4697  FR=0.4649  DE=0.3293  Avg=0.4213
[23/35] k1=1.5  b=0.5   EN=0.4792  FR=0.4788  DE=0.3353  Avg=0.4311
[24/35] k1=1.5  b=0.75  EN=0.4853  FR=0.4864  DE=0.3313  Avg=0.4343
[25/35] k1=1.5  b=1.0   EN=0.4869  FR=0.4817  DE=0.3285  Avg=0.4324
[26/35] k1=2.0  b=0.0   EN=0.4243  FR=0.4072  DE=0.2840  Avg=0.3718
[27/35] k1=2.0  b=0.25  EN=0.4686  FR=0.4639  DE=0.3294  Avg=0.4206
[28/35] k1=2.0  b=0.5   EN=0.4794  FR=0.4733  DE=0.3311  Avg=0.4279
[29/35] k1=2.0  b=0.75  EN=0.4849  FR=0.4843  DE=0.3327  Avg=0.4340
[30/35] k1=2.0  b=1.0   EN=0.4874  FR=0.4798  DE=0.3212  Avg=0.4295
[31/35] k1=3.0  b=0.0   EN=0.4059  FR=0.3797  DE=0.2695  Avg=0.3517
[32/35] k1=3.0  b=0.25  EN=0.4634  FR=0.4491  DE=0.3291  Avg=0.4139
[33/35] k1=3.0  b=0.5   EN=0.4791  FR=0.4708  DE=0.3294  Avg=0.4264
[34/35] k1=3.0  b=0.75  EN=0.4846  FR=0.4771  DE=0.3293  Avg=0.4303
[35/35] k1=3.0  b=1.0   EN=0.4840  FR=0.4676  DE=0.3197  Avg=0.4238

Configs restored.

=== Avg MRR@5 grid (rows=k1, cols=b) ===

k1 \ b      0.00    0.25    0.50    0.75    1.00
------------------------------------------------
0.5      0.3933* 0.4140* 0.4224* 0.4282* 0.4324*
0.8      0.3888  0.4177  0.4290  0.4346* 0.4350*
1.0      0.3883  0.4213  0.4306  0.4357* 0.4335 
1.2      0.3857  0.4222  0.4320  0.4342  0.4327 
1.5      0.3804  0.4213  0.4311  0.4343  0.4324 
2.0      0.3718  0.4206  0.4279  0.4340  0.4295 
3.0      0.3517  0.4139  0.4264  0.4303  0.4238 

Best: k1=1.0, b=0.75  →  Avg MRR@5=0.4357

  EN best: k1=2.0, b=1.0  MRR@5=0.4874
  FR best: k1=1.0, b=0.75  MRR@5=0.4882
  DE best: k1=1.2, b=0.5  MRR@5=0.3377

=== Full table (EN / FR / DE MRR@5) ===

Config             | EN MRR@5 | FR MRR@5 | DE MRR@5 |      Avg
-------------------+----------+----------+----------+---------
k1=0.5  b=0.0       |   0.4492 |   0.4338 |   0.2968 |   0.3933
k1=0.5  b=0.25      |   0.4654 |   0.4563 |   0.3203 |   0.4140
k1=0.5  b=0.5       |   0.4728 |   0.4674 |   0.3270 |   0.4224
k1=0.5  b=0.75      |   0.4791 |   0.4762 |   0.3293 |   0.4282
k1=0.5  b=1.0       |   0.4810 |   0.4838 |   0.3324 |   0.4324
k1=0.8  b=0.0       |   0.4447 |   0.4239 |   0.2978 |   0.3888
k1=0.8  b=0.25      |   0.4683 |   0.4592 |   0.3256 |   0.4177
k1=0.8  b=0.5       |   0.4783 |   0.4756 |   0.3330 |   0.4290
k1=0.8  b=0.75      |   0.4832 |   0.4842 |   0.3363 |   0.4346
k1=0.8  b=1.0       |   0.4853 |   0.4866 |   0.3333 |   0.4350
k1=1.0  b=0.0       |   0.4419 |   0.4243 |   0.2986 |   0.3883
k1=1.0  b=0.25      |   0.4687 |   0.4643 |   0.3310 |   0.4213
k1=1.0  b=0.5       |   0.4788 |   0.4775 |   0.3354 |   0.4306
k1=1.0  b=0.75      |   0.4838 |   0.4882 |   0.3352 |   0.4357 *
k1=1.0  b=1.0       |   0.4863 |   0.4847 |   0.3296 |   0.4335
k1=1.2  b=0.0       |   0.4376 |   0.4246 |   0.2948 |   0.3857
k1=1.2  b=0.25      |   0.4698 |   0.4671 |   0.3297 |   0.4222
k1=1.2  b=0.5       |   0.4791 |   0.4792 |   0.3377 |   0.4320
k1=1.2  b=0.75      |   0.4856 |   0.4882 |   0.3289 |   0.4342
k1=1.2  b=1.0       |   0.4857 |   0.4844 |   0.3278 |   0.4327
k1=1.5  b=0.0       |   0.4320 |   0.4162 |   0.2930 |   0.3804
k1=1.5  b=0.25      |   0.4697 |   0.4649 |   0.3293 |   0.4213
k1=1.5  b=0.5       |   0.4792 |   0.4788 |   0.3353 |   0.4311
k1=1.5  b=0.75      |   0.4853 |   0.4864 |   0.3313 |   0.4343
k1=1.5  b=1.0       |   0.4869 |   0.4817 |   0.3285 |   0.4324
k1=2.0  b=0.0       |   0.4243 |   0.4072 |   0.2840 |   0.3718
k1=2.0  b=0.25      |   0.4686 |   0.4639 |   0.3294 |   0.4206
k1=2.0  b=0.5       |   0.4794 |   0.4733 |   0.3311 |   0.4279
k1=2.0  b=0.75      |   0.4849 |   0.4843 |   0.3327 |   0.4340
k1=2.0  b=1.0       |   0.4874 |   0.4798 |   0.3212 |   0.4295
k1=3.0  b=0.0       |   0.4059 |   0.3797 |   0.2695 |   0.3517
k1=3.0  b=0.25      |   0.4634 |   0.4491 |   0.3291 |   0.4139
k1=3.0  b=0.5       |   0.4791 |   0.4708 |   0.3294 |   0.4264
k1=3.0  b=0.75      |   0.4846 |   0.4771 |   0.3293 |   0.4303
k1=3.0  b=1.0       |   0.4840 |   0.4676 |   0.3197 |   0.4238
-------------------+----------+----------+----------+---------
