[01/11] t^2 a^3 auth^0.3 topK=30 [ref]                 EN=0.5085 FR=0.5035 DE=0.3789 Avg=0.4636
[02/11] t^2 a^3 v^0.3 auth^0.3 topK=30 [ref]           EN=0.5093 FR=0.5045 DE=0.3775 Avg=0.4638
[03/11] t^2 a^3 auth^0.5 topK=30                       EN=0.5103 FR=0.5060 DE=0.3790 Avg=0.4651
[04/11] t^2 a^3 auth^0.7 topK=30                       EN=0.5125 FR=0.5063 DE=0.3802 Avg=0.4663
[05/11] t^2 a^3 auth^1.0 topK=30                       EN=0.5147 FR=0.5104 DE=0.3828 Avg=0.4693
[06/11] t^2 a^3 v^0.3 auth^0.5 topK=30                 EN=0.5110 FR=0.5066 DE=0.3788 Avg=0.4654
[07/11] t^2 a^3 auth^0.3 topK=20                       EN=0.5061 FR=0.5002 DE=0.3737 Avg=0.4600
[08/11] t^2 a^3 auth^0.3 topK=25                       EN=0.5081 FR=0.5031 DE=0.3787 Avg=0.4633
[09/11] t^2 a^3 auth^0.3 topK=40                       EN=0.5085 FR=0.5035 DE=0.3789 Avg=0.4636
[10/11] t^2 a^3 auth^0.3 topK=50                       EN=0.5085 FR=0.5035 DE=0.3789 Avg=0.4636
[11/11] t^2 a^3 auth^0.5 topK=40                       EN=0.5103 FR=0.5060 DE=0.3790 Avg=0.4651

Configs restored.

Config                                        |      EN |      FR |      DE |     Avg |   Δ ref
----------------------------------------------+---------+---------+---------+---------+--------
t^2 a^3 auth^0.3 topK=30 [ref]                |  0.5085 |  0.5035 |  0.3789 |  0.4636 | +0.0000
t^2 a^3 v^0.3 auth^0.3 topK=30 [ref]          |  0.5093 |  0.5045 |  0.3775 |  0.4638 | +0.0001
t^2 a^3 auth^0.5 topK=30                      |  0.5103 |  0.5060 |  0.3790 |  0.4651 | +0.0015
t^2 a^3 auth^0.7 topK=30                      |  0.5125 |  0.5063 |  0.3802 |  0.4663 | +0.0027
t^2 a^3 auth^1.0 topK=30                      |  0.5147 |  0.5104 |  0.3828 |  0.4693 | +0.0057
t^2 a^3 v^0.3 auth^0.5 topK=30                |  0.5110 |  0.5066 |  0.3788 |  0.4654 | +0.0018
t^2 a^3 auth^0.3 topK=20                      |  0.5061 |  0.5002 |  0.3737 |  0.4600 | -0.0036
t^2 a^3 auth^0.3 topK=25                      |  0.5081 |  0.5031 |  0.3787 |  0.4633 | -0.0003
t^2 a^3 auth^0.3 topK=40                      |  0.5085 |  0.5035 |  0.3789 |  0.4636 | +0.0000
t^2 a^3 auth^0.3 topK=50                      |  0.5085 |  0.5035 |  0.3789 |  0.4636 | +0.0000
t^2 a^3 auth^0.5 topK=40                      |  0.5103 |  0.5060 |  0.3790 |  0.4651 | +0.0015
----------------------------------------------+---------+---------+---------+---------+--------

Best overall: t^2 a^3 auth^1.0 topK=30  Avg=0.4693
