Running 18 combined configs × 3 languages

[01/18] baseline  t^2  a^1                      EN=0.4838 FR=0.4882 DE=0.3352 Avg=0.4357
[02/18] best-A    t^1  a^1                      EN=0.4997 FR=0.5026 DE=0.3577 Avg=0.4533
[03/18] best-B    t^2  a^3                      EN=0.4990 FR=0.5066 DE=0.3604 Avg=0.4553
[04/18] t^2 a^3 auth^0.1                        EN=0.4994 FR=0.5056 DE=0.3606 Avg=0.4552
[05/18] t^2 a^3 auth^0.3                        EN=0.5020 FR=0.5082 DE=0.3642 Avg=0.4581
[06/18] t^2 a^3 auth^0.5                        EN=0.5041 FR=0.5099 DE=0.3669 Avg=0.4603
[07/18] t^1 a^1 auth^0.3                        EN=0.5060 FR=0.5060 DE=0.3668 Avg=0.4596
[08/18] t^2 a^3 v^0.3 auth^0.3                  EN=0.5028 FR=0.5100 DE=0.3630 Avg=0.4586
[09/18] t^2 a^3 v^0.5 auth^0.3                  EN=0.5037 FR=0.5109 DE=0.3618 Avg=0.4588
[10/18] t^2 a^3 topK=30                         EN=0.5050 FR=0.5001 DE=0.3737 Avg=0.4596
[11/18] t^2 a^3 auth^0.3 topK=30                EN=0.5085 FR=0.5035 DE=0.3789 Avg=0.4636
[12/18] t^2 a^3 v^0.3 auth^0.3 topK=30          EN=0.5093 FR=0.5045 DE=0.3775 Avg=0.4638
[13/18] t^1 a^2                                 EN=0.4974 FR=0.4982 DE=0.3608 Avg=0.4521
[14/18] t^1 a^3                                 EN=0.4899 FR=0.4878 DE=0.3560 Avg=0.4446
[15/18] t^1 a^2 auth^0.3                        EN=0.5018 FR=0.5020 DE=0.3652 Avg=0.4564
[16/18] t^1 a^3 auth^0.3                        EN=0.4936 FR=0.4931 DE=0.3620 Avg=0.4496
[17/18] t^1 a^4                                 EN=0.4833 FR=0.4818 DE=0.3559 Avg=0.4403
[18/18] t^0 a^1  (abstract only)                EN=0.4504 FR=0.4378 DE=0.3301 Avg=0.4061

Configs restored.

Config                                 |      EN |      FR |      DE |     Avg |      Δ
---------------------------------------+---------+---------+---------+---------+--------
baseline  t^2  a^1                     |  0.4838 |  0.4882 |  0.3352 |  0.4357 | +0.0000 ◄
best-A    t^1  a^1                     |  0.4997 |  0.5026 |  0.3577 |  0.4533 | +0.0176 ◄
best-B    t^2  a^3                     |  0.4990 |  0.5066 |  0.3604 |  0.4553 | +0.0196 ◄
t^2 a^3 auth^0.1                       |  0.4994 |  0.5056 |  0.3606 |  0.4552 | +0.0195 *
t^2 a^3 auth^0.3                       |  0.5020 |  0.5082 |  0.3642 |  0.4581 | +0.0224 ◄
t^2 a^3 auth^0.5                       |  0.5041 |  0.5099 |  0.3669 |  0.4603 | +0.0246 ◄
t^1 a^1 auth^0.3                       |  0.5060 |  0.5060 |  0.3668 |  0.4596 | +0.0238 *
t^2 a^3 v^0.3 auth^0.3                 |  0.5028 |  0.5100 |  0.3630 |  0.4586 | +0.0229 *
t^2 a^3 v^0.5 auth^0.3                 |  0.5037 |  0.5109 |  0.3618 |  0.4588 | +0.0231 *
t^2 a^3 topK=30                        |  0.5050 |  0.5001 |  0.3737 |  0.4596 | +0.0239 *
t^2 a^3 auth^0.3 topK=30               |  0.5085 |  0.5035 |  0.3789 |  0.4636 | +0.0279 ◄
t^2 a^3 v^0.3 auth^0.3 topK=30         |  0.5093 |  0.5045 |  0.3775 |  0.4638 | +0.0280 ◄
t^1 a^2                                |  0.4974 |  0.4982 |  0.3608 |  0.4521 | +0.0164 *
t^1 a^3                                |  0.4899 |  0.4878 |  0.3560 |  0.4446 | +0.0088 *
t^1 a^2 auth^0.3                       |  0.5018 |  0.5020 |  0.3652 |  0.4564 | +0.0206 *
t^1 a^3 auth^0.3                       |  0.4936 |  0.4931 |  0.3620 |  0.4496 | +0.0139 *
t^1 a^4                                |  0.4833 |  0.4818 |  0.3559 |  0.4403 | +0.0046 *
t^0 a^1  (abstract only)               |  0.4504 |  0.4378 |  0.3301 |  0.4061 | -0.0296
---------------------------------------+---------+---------+---------+---------+--------

Best: t^2 a^3 v^0.3 auth^0.3 topK=30  Avg MRR@5=0.4638  (+0.0280 vs old baseline)
