[   60/1460] index=74  21.6s translated_this_run=1 eta=30254s
[   61/1460] index=76  17.4s translated_this_run=2 eta=27289s
[   62/1460] index=80  15.2s translated_this_run=3 eta=25275s
[   63/1460] index=81  18.1s translated_this_run=4 eta=25293s
[   64/1460] index=82  13.1s translated_this_run=5 eta=23881s
[   65/1460] index=83   9.8s translated_this_run=6 eta=22166s
[   66/1460] index=85   9.2s translated_this_run=7 eta=20819s
[   67/1460] index=86  15.7s translated_this_run=8 eta=20939s
[   68/1460] index=87  16.8s translated_this_run=9 eta=21204s
[   69/1460] index=88  17.8s translated_this_run=10 eta=21553s
[   70/1460] index=91  11.0s translated_this_run=11 eta=20976s
[   71/1460] index=92  15.9s translated_this_run=12 eta=21054s
[   72/1460] index=93  11.2s translated_this_run=13 eta=20618s
[   73/1460] index=95  22.1s translated_this_run=14 eta=21325s
[   74/1460] index=96  11.7s translated_this_run=15 eta=20972s
[   75/1460] index=97  17.6s translated_this_run=16 eta=21177s
[   76/1460] index=98   8.5s translated_this_run=17 eta=20608s
[   77/1460] index=99  21.7s translated_this_run=18 eta=21115s
[   78/1460] index=100  17.7s translated_this_run=19 eta=21281s
[   79/1460] index=101  14.7s translated_this_run=20 eta=21221s
[   80/1460] index=102  17.8s translated_this_run=21 eta=21368s
[   81/1460] index=103  11.7s translated_this_run=22 eta=21119s
[   82/1460] index=104  13.9s translated_this_run=23 eta=21022s
[   83/1460] index=105  16.3s translated_this_run=24 eta=21069s
[   84/1460] index=108  15.1s translated_this_run=25 eta=21046s
[   85/1460] index=109  16.0s translated_this_run=26 eta=21068s
[   86/1460] index=111   6.4s translated_this_run=27 eta=20602s
[   87/1460] index=112  18.2s translated_this_run=28 eta=20746s
[   88/1460] index=113  19.9s translated_this_run=29 eta=20962s
[   89/1460] index=114  16.8s translated_this_run=30 eta=21018s
[   90/1460] index=115  11.1s translated_this_run=31 eta=20818s
[   91/1460] index=117  14.7s translated_this_run=32 eta=20784s
[   92/1460] index=118  11.7s translated_this_run=33 eta=20627s
[   93/1460] index=119   6.9s translated_this_run=34 eta=20285s
[   94/1460] index=121  17.0s translated_this_run=35 eta=20354s
[   95/1460] index=122  14.0s translated_this_run=36 eta=20306s
[   96/1460] index=123  18.2s translated_this_run=37 eta=20416s
[   97/1460] index=124  11.3s translated_this_run=38 eta=20271s
[   98/1460] index=126  15.8s translated_this_run=39 eta=20290s
[   99/1460] index=127  13.2s translated_this_run=40 eta=20218s
[  100/1460] index=128  17.5s translated_this_run=41 eta=20292s
[  101/1460] index=129   9.7s translated_this_run=42 eta=20110s
[  102/1460] index=130  16.4s translated_this_run=43 eta=20148s
[  103/1460] index=131  15.6s translated_this_run=44 eta=20157s
[  104/1460] index=133   8.3s translated_this_run=45 eta=19948s
[  105/1460] index=135  18.8s translated_this_run=46 eta=20054s
[  106/1460] index=136  16.3s translated_this_run=47 eta=20083s
[  107/1460] index=137  11.1s translated_this_run=48 eta=19964s
[  108/1460] index=139   9.1s translated_this_run=49 eta=19795s
[  109/1460] index=140   9.2s translated_this_run=50 eta=19634s
[  110/1460] index=141   9.5s translated_this_run=51 eta=19488s
[  111/1460] index=142  10.1s translated_this_run=52 eta=19362s
[  112/1460] index=143  12.9s translated_this_run=53 eta=19312s
[  113/1460] index=144  15.8s translated_this_run=54 eta=19335s
[  114/1460] index=145  10.0s translated_this_run=55 eta=19214s
[  115/1460] index=147  20.0s translated_this_run=56 eta=19337s
[  116/1460] index=148  15.8s translated_this_run=57 eta=19356s
[  117/1460] index=149  17.3s translated_this_run=58 eta=19410s
[  118/1460] index=150  12.1s translated_this_run=59 eta=19344s
[  119/1460] index=151   7.5s translated_this_run=60 eta=19176s
[  120/1460] index=152   9.5s translated_this_run=61 eta=19057s
[  121/1460] index=153   8.8s translated_this_run=62 eta=18927s
[  122/1460] index=155  18.5s translated_this_run=63 eta=19005s
[  123/1460] index=156  10.4s translated_this_run=64 eta=18913s
[  124/1460] index=157   9.3s translated_this_run=65 eta=18800s
[  125/1460] index=158  20.9s translated_this_run=66 eta=18924s
[  126/1460] index=159  13.8s translated_this_run=67 eta=18904s
[  127/1460] index=160  11.9s translated_this_run=68 eta=18846s
[  128/1460] index=161  14.1s translated_this_run=69 eta=18831s
[  129/1460] index=163   5.2s translated_this_run=70 eta=18647s
[  130/1460] index=164  12.0s translated_this_run=71 eta=18596s
[  131/1460] index=166  15.7s translated_this_run=72 eta=18615s
[  132/1460] index=168  18.0s translated_this_run=73 eta=18675s
[  133/1460] index=170  13.8s translated_this_run=74 eta=18657s
[  134/1460] index=171   9.2s translated_this_run=75 eta=18558s
[  135/1460] index=172  15.6s translated_this_run=76 eta=18573s
[  136/1460] index=173   9.5s translated_this_run=77 eta=18482s
[  137/1460] index=175  15.5s translated_this_run=78 eta=18495s
[  138/1460] index=176   9.0s translated_this_run=79 eta=18399s
[  139/1460] index=177   6.5s translated_this_run=80 eta=18264s
[  140/1460] index=179  16.6s translated_this_run=81 eta=18296s
[  141/1460] index=180  16.6s translated_this_run=82 eta=18326s
[  142/1460] index=181  14.6s translated_this_run=83 eta=18325s
[  143/1460] index=182  10.8s translated_this_run=84 eta=18262s
[  144/1460] index=183  14.0s translated_this_run=85 eta=18251s
[  145/1460] index=184   7.2s translated_this_run=86 eta=18135s
[  146/1460] index=185  18.0s translated_this_run=87 eta=18185s
[  147/1460] index=186  19.7s translated_this_run=88 eta=18260s
[  148/1460] index=188   9.1s translated_this_run=89 eta=18176s
[  149/1460] index=190  17.1s translated_this_run=90 eta=18210s
[  150/1460] index=191  20.9s translated_this_run=91 eta=18298s
[  151/1460] index=192  16.7s translated_this_run=92 eta=18323s
[  152/1460] index=196  13.9s translated_this_run=93 eta=18308s
[  153/1460] index=198  11.5s translated_this_run=94 eta=18260s
[  154/1460] index=200  12.5s translated_this_run=95 eta=18227s
[  155/1460] index=201   8.9s translated_this_run=96 eta=18144s
[  156/1460] index=202  11.7s translated_this_run=97 eta=18101s
[  157/1460] index=203  15.0s translated_this_run=98 eta=18102s
[  158/1460] index=204  10.8s translated_this_run=99 eta=18048s
[  159/1460] index=206  13.7s translated_this_run=100 eta=18032s
[  160/1460] index=207  21.9s translated_this_run=101 eta=18123s
[  161/1460] index=208  14.6s translated_this_run=102 eta=18117s
[  162/1460] index=209  19.7s translated_this_run=103 eta=18176s
[  163/1460] index=210  13.1s translated_this_run=104 eta=18151s
[  164/1460] index=212  15.3s translated_this_run=105 eta=18154s
[  165/1460] index=213  16.6s translated_this_run=106 eta=18172s
[  166/1460] index=214  10.8s translated_this_run=107 eta=18119s
[  167/1460] index=215   7.7s translated_this_run=108 eta=18030s
[  168/1460] index=216  11.7s translated_this_run=109 eta=17990s
[  169/1460] index=217   5.7s translated_this_run=110 eta=17881s
[  170/1460] index=218   7.8s translated_this_run=111 eta=17798s
[  171/1460] index=219  14.6s translated_this_run=112 eta=17794s
[  172/1460] index=220   7.5s translated_this_run=113 eta=17709s
[  173/1460] index=221   9.8s translated_this_run=114 eta=17651s
[  174/1460] index=222  13.3s translated_this_run=115 eta=17633s
[  175/1460] index=224  12.2s translated_this_run=116 eta=17603s
[  176/1460] index=226  13.1s translated_this_run=117 eta=17583s
[  177/1460] index=227  15.1s translated_this_run=118 eta=17585s
[  178/1460] index=230  11.5s translated_this_run=119 eta=17549s
[  179/1460] index=231  14.8s translated_this_run=120 eta=17548s
[  180/1460] index=232  10.9s translated_this_run=121 eta=17504s
[  181/1460] index=233  13.9s translated_this_run=122 eta=17493s
[  182/1460] index=234  17.6s translated_this_run=123 eta=17520s
[  183/1460] index=235  12.6s translated_this_run=124 eta=17496s
[  184/1460] index=236  16.5s translated_this_run=125 eta=17511s
[  185/1460] index=237   8.0s translated_this_run=126 eta=17439s
[  186/1460] index=238  20.0s translated_this_run=127 eta=17489s
[  187/1460] index=239   7.6s translated_this_run=128 eta=17415s
[  188/1460] index=240  13.9s translated_this_run=129 eta=17403s
[  189/1460] index=241  14.7s translated_this_run=130 eta=17400s
[  190/1460] index=242   7.1s translated_this_run=131 eta=17323s
[  191/1460] index=243  14.5s translated_this_run=132 eta=17318s
[  192/1460] index=245  12.9s translated_this_run=133 eta=17298s
[  193/1460] index=246  12.6s translated_this_run=134 eta=17274s
[  194/1460] index=247  10.5s translated_this_run=135 eta=17231s
[  195/1460] index=248  13.3s translated_this_run=136 eta=17215s
[  196/1460] index=249   9.5s translated_this_run=137 eta=17164s
[  197/1460] index=251  15.0s translated_this_run=138 eta=17163s
[  198/1460] index=252  11.3s translated_this_run=139 eta=17129s
[  199/1460] index=253  14.1s translated_this_run=140 eta=17121s
[  200/1460] index=254  10.2s translated_this_run=141 eta=17077s
[  201/1460] index=255  17.6s translated_this_run=142 eta=17100s
[  202/1460] index=256  15.4s translated_this_run=143 eta=17103s
[  203/1460] index=257  11.0s translated_this_run=144 eta=17067s
[  204/1460] index=258   9.4s translated_this_run=145 eta=17017s
[  205/1460] index=259  18.7s translated_this_run=146 eta=17048s
[  206/1460] index=260   9.9s translated_this_run=147 eta=17003s
[  207/1460] index=261  18.6s translated_this_run=148 eta=17033s
[  208/1460] index=262  18.4s translated_this_run=149 eta=17060s
[  209/1460] index=263  14.9s translated_this_run=150 eta=17057s
[  210/1460] index=264   6.1s translated_this_run=151 eta=16982s
[  211/1460] index=266  16.3s translated_this_run=152 eta=16990s
[  212/1460] index=267   8.4s translated_this_run=153 eta=16934s
[  213/1460] index=269  17.3s translated_this_run=154 eta=16952s
[  214/1460] index=272   9.7s translated_this_run=155 eta=16907s
[  215/1460] index=274  13.6s translated_this_run=156 eta=16894s
[  216/1460] index=277  17.6s translated_this_run=157 eta=16913s
[  217/1460] index=279  15.1s translated_this_run=158 eta=16911s
[  218/1460] index=280   9.0s translated_this_run=159 eta=16862s
[  219/1460] index=281   8.6s translated_this_run=160 eta=16811s
[  220/1460] index=282  15.5s translated_this_run=161 eta=16812s
[  221/1460] index=283  12.1s translated_this_run=162 eta=16788s
[  222/1460] index=284  11.3s translated_this_run=163 eta=16758s
[  223/1460] index=287   8.7s translated_this_run=164 eta=16708s
[  224/1460] index=288  11.7s translated_this_run=165 eta=16682s
[  225/1460] index=290  10.0s translated_this_run=166 eta=16642s
[  226/1460] index=291  16.5s translated_this_run=167 eta=16651s
[  227/1460] index=292  16.3s translated_this_run=168 eta=16659s
[  228/1460] index=293  15.6s translated_this_run=169 eta=16661s
[  229/1460] index=294   6.7s translated_this_run=170 eta=16599s
[  230/1460] index=295  15.5s translated_this_run=171 eta=16600s
[  231/1460] index=296  18.9s translated_this_run=172 eta=16626s
[  232/1460] index=297   8.3s translated_this_run=173 eta=16575s
[  233/1460] index=298  13.0s translated_this_run=174 eta=16559s
[  234/1460] index=300  17.9s translated_this_run=175 eta=16577s
[  235/1460] index=301  11.7s translated_this_run=176 eta=16551s
[  236/1460] index=302  15.5s translated_this_run=177 eta=16551s
[  237/1460] index=303   8.4s translated_this_run=178 eta=16503s
[  238/1460] index=304  15.1s translated_this_run=179 eta=16501s
[  239/1460] index=307  15.1s translated_this_run=180 eta=16498s
[  240/1460] index=309   6.8s translated_this_run=181 eta=16440s
[  241/1460] index=310  16.3s translated_this_run=182 eta=16445s
[  242/1460] index=311  10.9s translated_this_run=183 eta=16415s
[  243/1460] index=312  16.1s translated_this_run=184 eta=16419s
[  244/1460] index=313   9.9s translated_this_run=185 eta=16382s
[  245/1460] index=314  15.4s translated_this_run=186 eta=16382s
[  246/1460] index=316  16.2s translated_this_run=187 eta=16386s
[  247/1460] index=317  15.4s translated_this_run=188 eta=16385s
[  248/1460] index=319  12.8s translated_this_run=189 eta=16368s
[  249/1460] index=320  15.7s translated_this_run=190 eta=16368s
[  250/1460] index=321  17.7s translated_this_run=191 eta=16382s
[  251/1460] index=322  17.2s translated_this_run=192 eta=16392s
[  252/1460] index=323   4.9s translated_this_run=193 eta=16324s
[  253/1460] index=325   6.1s translated_this_run=194 eta=16265s
[  254/1460] index=326  11.1s translated_this_run=195 eta=16237s
[  255/1460] index=327  19.5s translated_this_run=196 eta=16261s
[  256/1460] index=328  18.0s translated_this_run=197 eta=16275s
[  257/1460] index=330  20.7s translated_this_run=198 eta=16305s
[  258/1460] index=331  10.8s translated_this_run=199 eta=16276s
[  259/1460] index=332  14.5s translated_this_run=200 eta=16268s
[  260/1460] index=334   9.9s translated_this_run=201 eta=16233s
[  261/1460] index=335  14.1s translated_this_run=202 eta=16223s
[  262/1460] index=336  13.9s translated_this_run=203 eta=16212s
[  263/1460] index=337  12.9s translated_this_run=204 eta=16194s
[  264/1460] index=338  15.8s translated_this_run=205 eta=16195s
[  265/1460] index=339  19.6s translated_this_run=206 eta=16216s
[  266/1460] index=342  18.0s translated_this_run=207 eta=16229s
[  267/1460] index=343  11.7s translated_this_run=208 eta=16205s
[  268/1460] index=345  10.7s translated_this_run=209 eta=16175s
[  269/1460] index=346  12.5s translated_this_run=210 eta=16155s
[  270/1460] index=348  25.9s translated_this_run=211 eta=16212s
[  271/1460] index=349  11.8s translated_this_run=212 eta=16188s
[  272/1460] index=352  15.4s translated_this_run=213 eta=16184s
[  273/1460] index=355   8.7s translated_this_run=214 eta=16143s
[  274/1460] index=356  23.8s translated_this_run=215 eta=16186s
[  275/1460] index=357  18.0s translated_this_run=216 eta=16197s
[  276/1460] index=358  13.0s translated_this_run=217 eta=16179s
[  277/1460] index=359  16.2s translated_this_run=218 eta=16180s
[  278/1460] index=360  12.2s translated_this_run=219 eta=16159s
[  279/1460] index=361  18.2s translated_this_run=220 eta=16169s
[  280/1460] index=363  19.2s translated_this_run=221 eta=16185s
[  281/1460] index=364   8.8s translated_this_run=222 eta=16145s
[  282/1460] index=365  17.3s translated_this_run=223 eta=16151s
[  283/1460] index=366  11.3s translated_this_run=224 eta=16125s
[  284/1460] index=367   5.1s translated_this_run=225 eta=16066s
[  285/1460] index=368  10.1s translated_this_run=226 eta=16035s
[  286/1460] index=369  10.9s translated_this_run=227 eta=16007s
[  287/1460] index=370   9.7s translated_this_run=228 eta=15973s
[  288/1460] index=371  18.1s translated_this_run=229 eta=15983s
[  289/1460] index=373  13.1s translated_this_run=230 eta=15966s
[  290/1460] index=374  12.6s translated_this_run=231 eta=15948s
[  291/1460] index=375  14.2s translated_this_run=232 eta=15937s
[  292/1460] index=376  12.2s translated_this_run=233 eta=15916s
[  293/1460] index=377  12.1s translated_this_run=234 eta=15896s
[  294/1460] index=378  14.6s translated_this_run=235 eta=15887s
[  295/1460] index=379   8.1s translated_this_run=236 eta=15846s
[  296/1460] index=380  19.3s translated_this_run=237 eta=15861s
[  297/1460] index=381  14.4s translated_this_run=238 eta=15851s
[  298/1460] index=382  13.4s translated_this_run=239 eta=15836s
[  299/1460] index=383  11.1s translated_this_run=240 eta=15810s
[  300/1460] index=384   9.0s translated_this_run=241 eta=15775s
[  301/1460] index=385  18.5s translated_this_run=242 eta=15785s
[  302/1460] index=386  19.9s translated_this_run=243 eta=15801s
[  303/1460] index=387  20.4s translated_this_run=244 eta=15820s
[  304/1460] index=388   6.5s translated_this_run=245 eta=15773s
[  305/1460] index=389   7.6s translated_this_run=246 eta=15731s
[  306/1460] index=391  19.8s translated_this_run=247 eta=15746s
[  307/1460] index=392  15.2s translated_this_run=248 eta=15740s
[  308/1460] index=395  14.0s translated_this_run=249 eta=15728s
[  309/1460] index=396   9.7s translated_this_run=250 eta=15696s
[  310/1460] index=397  11.1s translated_this_run=251 eta=15671s
[  311/1460] index=398   7.8s translated_this_run=252 eta=15631s
[  312/1460] index=400   9.1s translated_this_run=253 eta=15597s
[  313/1460] index=402  15.4s translated_this_run=254 eta=15592s
[  314/1460] index=403  12.5s translated_this_run=255 eta=15574s
[  315/1460] index=404  20.8s translated_this_run=256 eta=15592s
[  316/1460] index=405  11.0s translated_this_run=257 eta=15567s
[  317/1460] index=406  12.5s translated_this_run=258 eta=15549s
[  318/1460] index=408   9.3s translated_this_run=259 eta=15517s
[  319/1460] index=409  10.4s translated_this_run=260 eta=15489s
[  320/1460] index=410  18.4s translated_this_run=261 eta=15497s
[  321/1460] index=412  11.9s translated_this_run=262 eta=15476s
[  322/1460] index=413  14.6s translated_this_run=263 eta=15467s
[  323/1460] index=414  17.8s translated_this_run=264 eta=15472s
[  324/1460] index=416  17.8s translated_this_run=265 eta=15476s
[  325/1460] index=417  16.7s translated_this_run=266 eta=15476s
[  326/1460] index=419  19.6s translated_this_run=267 eta=15488s
[  327/1460] index=420  15.6s translated_this_run=268 eta=15483s
[  328/1460] index=421  19.2s translated_this_run=269 eta=15493s
[  329/1460] index=423  16.4s translated_this_run=270 eta=15491s
[  330/1460] index=424  24.4s translated_this_run=271 eta=15522s
[  331/1460] index=425  13.7s translated_this_run=272 eta=15508s
[  332/1460] index=426  13.3s translated_this_run=273 eta=15492s
[  333/1460] index=428  19.4s translated_this_run=274 eta=15502s
[  334/1460] index=430  12.3s translated_this_run=275 eta=15483s
[  335/1460] index=432  15.6s translated_this_run=276 eta=15477s
[  336/1460] index=433  20.4s translated_this_run=277 eta=15490s
[  337/1460] index=434  13.2s translated_this_run=278 eta=15475s
[  338/1460] index=435  12.6s translated_this_run=279 eta=15456s
[  339/1460] index=437  13.9s translated_this_run=280 eta=15443s
[  340/1460] index=438  17.8s translated_this_run=281 eta=15446s
[  341/1460] index=439  18.2s translated_this_run=282 eta=15449s
[  342/1460] index=440  22.0s translated_this_run=283 eta=15468s
[  343/1460] index=441  18.3s translated_this_run=284 eta=15472s
[  344/1460] index=442  23.2s translated_this_run=285 eta=15495s
[  345/1460] index=443  20.3s translated_this_run=286 eta=15507s
[  346/1460] index=444  15.6s translated_this_run=287 eta=15500s
[  347/1460] index=445  11.3s translated_this_run=288 eta=15476s
[  348/1460] index=447  12.3s translated_this_run=289 eta=15456s
[  349/1460] index=448  11.1s translated_this_run=290 eta=15432s
[  350/1460] index=449  12.8s translated_this_run=291 eta=15414s
[  351/1460] index=451   7.5s translated_this_run=292 eta=15375s
[  352/1460] index=452  13.2s translated_this_run=293 eta=15359s
[  353/1460] index=453  15.0s translated_this_run=294 eta=15350s
[  354/1460] index=455  15.6s translated_this_run=295 eta=15343s
[  355/1460] index=457  14.2s translated_this_run=296 eta=15330s
[  356/1460] index=458  12.4s translated_this_run=297 eta=15311s
[  357/1460] index=459  19.6s translated_this_run=298 eta=15318s
[  358/1460] index=461  12.0s translated_this_run=299 eta=15298s
[  359/1460] index=463  18.6s translated_this_run=300 eta=15301s
[  360/1460] index=464  13.6s translated_this_run=301 eta=15286s
[  361/1460] index=465   9.1s translated_this_run=302 eta=15255s
[  362/1460] index=466  13.3s translated_this_run=303 eta=15239s
[  363/1460] index=467   7.2s translated_this_run=304 eta=15201s
[  364/1460] index=468  13.8s translated_this_run=305 eta=15187s
[  365/1460] index=469  19.1s translated_this_run=306 eta=15192s
[  366/1460] index=470   4.5s translated_this_run=307 eta=15145s
[  367/1460] index=471  11.3s translated_this_run=308 eta=15122s
[  368/1460] index=472   9.4s translated_this_run=309 eta=15093s
[  369/1460] index=474  16.5s translated_this_run=310 eta=15089s
[  370/1460] index=475  10.6s translated_this_run=311 eta=15064s
[  371/1460] index=476  10.0s translated_this_run=312 eta=15037s
[  372/1460] index=477  13.1s translated_this_run=313 eta=15021s
[  373/1460] index=478  11.3s translated_this_run=314 eta=14998s
[  374/1460] index=479  10.4s translated_this_run=315 eta=14973s
[  375/1460] index=480   9.4s translated_this_run=316 eta=14944s
[  376/1460] index=481  11.4s translated_this_run=317 eta=14922s
[  377/1460] index=482  13.8s translated_this_run=318 eta=14909s
[  378/1460] index=483  10.9s translated_this_run=319 eta=14885s
[  379/1460] index=484  14.1s translated_this_run=320 eta=14873s
[  380/1460] index=485  18.7s translated_this_run=321 eta=14876s
[  381/1460] index=486  13.6s translated_this_run=322 eta=14862s
[  382/1460] index=487  17.8s translated_this_run=323 eta=14862s
[  383/1460] index=488  14.2s translated_this_run=324 eta=14849s
[  384/1460] index=489  15.5s translated_this_run=325 eta=14841s
[  385/1460] index=491  18.6s translated_this_run=326 eta=14844s
[  386/1460] index=492  12.8s translated_this_run=327 eta=14827s
[  387/1460] index=493  15.1s translated_this_run=328 eta=14817s
[  388/1460] index=495  14.8s translated_this_run=329 eta=14807s
[  389/1460] index=497  13.9s translated_this_run=330 eta=14793s
[  390/1460] index=499   8.8s translated_this_run=331 eta=14763s
[  391/1460] index=500  11.5s translated_this_run=332 eta=14742s
[  392/1460] index=501  15.9s translated_this_run=333 eta=14735s
[  393/1460] index=503  19.8s translated_this_run=334 eta=14741s
[  394/1460] index=504  14.8s translated_this_run=335 eta=14730s
[  395/1460] index=505  17.8s translated_this_run=336 eta=14729s
[  396/1460] index=506  13.5s translated_this_run=337 eta=14714s
[  397/1460] index=507  17.9s translated_this_run=338 eta=14713s
[  398/1460] index=508  23.0s translated_this_run=339 eta=14728s
[  399/1460] index=509  21.0s translated_this_run=340 eta=14737s
[  400/1460] index=510   9.1s translated_this_run=341 eta=14708s
[  401/1460] index=511  14.4s translated_this_run=342 eta=14696s
[  402/1460] index=512  20.1s translated_this_run=343 eta=14702s
[  403/1460] index=514  15.1s translated_this_run=344 eta=14691s
[  404/1460] index=515   9.8s translated_this_run=345 eta=14665s
[  405/1460] index=516  20.4s translated_this_run=346 eta=14671s
[  406/1460] index=519  17.5s translated_this_run=347 eta=14669s
[  407/1460] index=520  11.1s translated_this_run=348 eta=14646s
[  408/1460] index=522  13.1s translated_this_run=349 eta=14630s
[  409/1460] index=523  18.7s translated_this_run=350 eta=14631s
[  410/1460] index=524  13.1s translated_this_run=351 eta=14614s
[  411/1460] index=525  19.2s translated_this_run=352 eta=14616s
[  412/1460] index=526  16.6s translated_this_run=353 eta=14610s
[  413/1460] index=527  11.7s translated_this_run=354 eta=14590s
[  414/1460] index=528   8.3s translated_this_run=355 eta=14560s
[  415/1460] index=529  15.1s translated_this_run=356 eta=14549s
[  416/1460] index=530  14.8s translated_this_run=357 eta=14538s
[  417/1460] index=531  17.6s translated_this_run=358 eta=14535s
[  418/1460] index=534  15.7s translated_this_run=359 eta=14526s
[  419/1460] index=536  20.6s translated_this_run=360 eta=14532s
[  420/1460] index=537  17.1s translated_this_run=361 eta=14527s
[  421/1460] index=538  20.4s translated_this_run=362 eta=14532s
[  422/1460] index=539  20.3s translated_this_run=363 eta=14536s
[  423/1460] index=540  17.8s translated_this_run=364 eta=14533s
[  424/1460] index=541  19.6s translated_this_run=365 eta=14535s
[  425/1460] index=542   9.7s translated_this_run=366 eta=14509s
[  426/1460] index=543  13.7s translated_this_run=367 eta=14494s
[  427/1460] index=544  18.8s translated_this_run=368 eta=14494s
[  428/1460] index=545  15.2s translated_this_run=369 eta=14483s
[  429/1460] index=547  13.7s translated_this_run=370 eta=14468s
[  430/1460] index=549  17.0s translated_this_run=371 eta=14462s
[  431/1460] index=550  16.5s translated_this_run=372 eta=14455s
[  432/1460] index=552  15.7s translated_this_run=373 eta=14446s
[  433/1460] index=553  11.5s translated_this_run=374 eta=14425s
[  434/1460] index=554  19.9s translated_this_run=375 eta=14427s
[  435/1460] index=556  15.3s translated_this_run=376 eta=14416s
[  436/1460] index=558  17.1s translated_this_run=377 eta=14411s
[  437/1460] index=559  14.8s translated_this_run=378 eta=14399s
[  438/1460] index=560  12.5s translated_this_run=379 eta=14380s
[  439/1460] index=561   8.8s translated_this_run=380 eta=14352s
[  440/1460] index=562   9.4s translated_this_run=381 eta=14326s
[  441/1460] index=563  16.1s translated_this_run=382 eta=14318s
[  442/1460] index=564  11.8s translated_this_run=383 eta=14298s
[  443/1460] index=565   9.9s translated_this_run=384 eta=14273s
[  444/1460] index=566   4.5s translated_this_run=385 eta=14234s
[  445/1460] index=567  16.2s translated_this_run=386 eta=14226s
[  446/1460] index=568  13.6s translated_this_run=387 eta=14211s
[  447/1460] index=569  17.2s translated_this_run=388 eta=14205s
[  448/1460] index=570   9.0s translated_this_run=389 eta=14178s
[  449/1460] index=571  17.5s translated_this_run=390 eta=14173s
[  450/1460] index=572  11.9s translated_this_run=391 eta=14154s
[  451/1460] index=575  16.5s translated_this_run=392 eta=14146s
[  452/1460] index=576  15.4s translated_this_run=393 eta=14136s
[  453/1460] index=577  15.6s translated_this_run=394 eta=14126s
[  454/1460] index=578  10.0s translated_this_run=395 eta=14102s
[  455/1460] index=579   6.3s translated_this_run=396 eta=14068s
[  456/1460] index=580   8.4s translated_this_run=397 eta=14040s
[  457/1460] index=581  10.2s translated_this_run=398 eta=14017s
[  458/1460] index=582  11.9s translated_this_run=399 eta=13998s
[  459/1460] index=583   8.0s translated_this_run=400 eta=13969s
[  460/1460] index=584  17.6s translated_this_run=401 eta=13964s
[  461/1460] index=585  10.4s translated_this_run=402 eta=13941s
[  462/1460] index=587  10.2s translated_this_run=403 eta=13918s
[  463/1460] index=588  10.5s translated_this_run=404 eta=13896s
[  464/1460] index=589  12.6s translated_this_run=405 eta=13879s
[  465/1460] index=591  12.9s translated_this_run=406 eta=13862s
[  466/1460] index=592   9.1s translated_this_run=407 eta=13837s
[  467/1460] index=594  16.2s translated_this_run=408 eta=13828s
[  468/1460] index=595  12.7s translated_this_run=409 eta=13812s
[  469/1460] index=597   9.7s translated_this_run=410 eta=13787s
[  470/1460] index=598  19.7s translated_this_run=411 eta=13787s
[  471/1460] index=599   8.7s translated_this_run=412 eta=13761s
[  472/1460] index=600  15.6s translated_this_run=413 eta=13751s
[  473/1460] index=601  15.5s translated_this_run=414 eta=13741s
[  474/1460] index=602   7.2s translated_this_run=415 eta=13711s
[  475/1460] index=604   6.5s translated_this_run=416 eta=13680s
[  476/1460] index=605   8.3s translated_this_run=417 eta=13653s
[  477/1460] index=606  14.9s translated_this_run=418 eta=13642s
[  478/1460] index=607  11.6s translated_this_run=419 eta=13623s
[  479/1460] index=610  15.0s translated_this_run=420 eta=13612s
[  480/1460] index=611  17.7s translated_this_run=421 eta=13607s
[  481/1460] index=612  14.9s translated_this_run=422 eta=13595s
[  482/1460] index=613  14.2s translated_this_run=423 eta=13582s
[  483/1460] index=614  14.5s translated_this_run=424 eta=13570s
[  484/1460] index=617  16.4s translated_this_run=425 eta=13562s
[  485/1460] index=618   8.7s translated_this_run=426 eta=13536s
[  486/1460] index=620  16.0s translated_this_run=427 eta=13527s
[  487/1460] index=621  17.0s translated_this_run=428 eta=13520s
[  488/1460] index=622  11.9s translated_this_run=429 eta=13502s
[  489/1460] index=623   8.2s translated_this_run=430 eta=13475s
[  490/1460] index=624  10.6s translated_this_run=431 eta=13454s
[  491/1460] index=625  12.8s translated_this_run=432 eta=13438s
[  492/1460] index=626  11.6s translated_this_run=433 eta=13419s
[  493/1460] index=628  12.6s translated_this_run=434 eta=13402s
[  494/1460] index=629  12.2s translated_this_run=435 eta=13385s
[  495/1460] index=630  11.1s translated_this_run=436 eta=13365s
[  496/1460] index=631  21.4s translated_this_run=437 eta=13368s
[  497/1460] index=633  13.5s translated_this_run=438 eta=13353s
[  498/1460] index=634  17.4s translated_this_run=439 eta=13347s
[  499/1460] index=636  11.5s translated_this_run=440 eta=13328s
[  500/1460] index=637  19.9s translated_this_run=441 eta=13328s
[  501/1460] index=638  18.1s translated_this_run=442 eta=13323s
[  502/1460] index=639  16.7s translated_this_run=443 eta=13315s
[  503/1460] index=640   9.6s translated_this_run=444 eta=13292s
[  504/1460] index=641  23.0s translated_this_run=445 eta=13298s
[  505/1460] index=642   7.7s translated_this_run=446 eta=13271s
[  506/1460] index=643  12.8s translated_this_run=447 eta=13255s
[  507/1460] index=644  20.0s translated_this_run=448 eta=13254s
[  508/1460] index=645  12.8s translated_this_run=449 eta=13238s
[  509/1460] index=646  10.4s translated_this_run=450 eta=13217s
[  510/1460] index=648  20.8s translated_this_run=451 eta=13218s
[  511/1460] index=649  16.2s translated_this_run=452 eta=13208s
[  512/1460] index=650  12.3s translated_this_run=453 eta=13191s
[  513/1460] index=651  21.7s translated_this_run=454 eta=13194s
[  514/1460] index=652  18.3s translated_this_run=455 eta=13189s
[  515/1460] index=653   9.9s translated_this_run=456 eta=13167s
[  516/1460] index=654  16.8s translated_this_run=457 eta=13159s
[  517/1460] index=656  16.2s translated_this_run=458 eta=13149s
[  518/1460] index=658  16.1s translated_this_run=459 eta=13140s
[  519/1460] index=660  13.0s translated_this_run=460 eta=13124s
[  520/1460] index=661  10.5s translated_this_run=461 eta=13103s
[  521/1460] index=663  11.6s translated_this_run=462 eta=13084s
[  522/1460] index=664   6.9s translated_this_run=463 eta=13056s
[  523/1460] index=665  20.8s translated_this_run=464 eta=13056s
[  524/1460] index=666   7.4s translated_this_run=465 eta=13029s
[  525/1460] index=667  14.7s translated_this_run=466 eta=13017s
[  526/1460] index=668  13.3s translated_this_run=467 eta=13002s
[  527/1460] index=669  12.8s translated_this_run=468 eta=12986s
[  528/1460] index=670  13.6s translated_this_run=469 eta=12971s
[  529/1460] index=671  17.3s translated_this_run=470 eta=12964s
[  530/1460] index=672   8.8s translated_this_run=471 eta=12940s
[  531/1460] index=674  15.2s translated_this_run=472 eta=12929s
[  532/1460] index=675  13.6s translated_this_run=473 eta=12915s
[  533/1460] index=676  15.1s translated_this_run=474 eta=12903s
[  534/1460] index=678  11.7s translated_this_run=475 eta=12885s
[  535/1460] index=680   8.4s translated_this_run=476 eta=12860s
[  536/1460] index=681  17.9s translated_this_run=477 eta=12854s
[  537/1460] index=682   8.5s translated_this_run=478 eta=12830s
[  538/1460] index=683  16.3s translated_this_run=479 eta=12821s
[  539/1460] index=684   5.6s translated_this_run=480 eta=12791s
[  540/1460] index=685  18.0s translated_this_run=481 eta=12785s
[  541/1460] index=686  10.0s translated_this_run=482 eta=12764s
[  542/1460] index=687  12.2s translated_this_run=483 eta=12747s
[  543/1460] index=688  11.5s translated_this_run=484 eta=12729s
[  544/1460] index=689   8.7s translated_this_run=485 eta=12705s
[  545/1460] index=692   9.7s translated_this_run=486 eta=12683s
[  546/1460] index=693  16.6s translated_this_run=487 eta=12675s
[  547/1460] index=695  12.8s translated_this_run=488 eta=12659s
[  548/1460] index=696  15.5s translated_this_run=489 eta=12648s
[  549/1460] index=700  18.9s translated_this_run=490 eta=12644s
[  550/1460] index=701   7.1s translated_this_run=491 eta=12617s
[  551/1460] index=703  19.3s translated_this_run=492 eta=12613s
[  552/1460] index=704   9.8s translated_this_run=493 eta=12592s
[  553/1460] index=705  15.4s translated_this_run=494 eta=12581s
[  554/1460] index=706  17.3s translated_this_run=495 eta=12573s
[  555/1460] index=707  27.0s translated_this_run=496 eta=12583s
[  556/1460] index=708  18.0s translated_this_run=497 eta=12577s
[  557/1460] index=709  19.5s translated_this_run=498 eta=12573s
[  558/1460] index=710  15.0s translated_this_run=499 eta=12562s
[  559/1460] index=711  21.1s translated_this_run=500 eta=12561s
[  560/1460] index=712  21.2s translated_this_run=501 eta=12560s
[  561/1460] index=714  18.6s translated_this_run=502 eta=12554s
[  562/1460] index=715  19.3s translated_this_run=503 eta=12550s
[  563/1460] index=716  18.4s translated_this_run=504 eta=12544s
[  564/1460] index=717  15.7s translated_this_run=505 eta=12533s
[  565/1460] index=718  21.9s translated_this_run=506 eta=12533s
[  566/1460] index=719  34.3s translated_this_run=507 eta=12555s
[  567/1460] index=720  20.6s translated_this_run=508 eta=12553s
[  568/1460] index=721  21.0s translated_this_run=509 eta=12551s
[  569/1460] index=722  17.3s translated_this_run=510 eta=12542s
[  570/1460] index=724  16.7s translated_this_run=511 eta=12533s
[  571/1460] index=725  21.6s translated_this_run=512 eta=12532s
[  572/1460] index=726  18.1s translated_this_run=513 eta=12525s
[  573/1460] index=727  13.6s translated_this_run=514 eta=12510s
[  574/1460] index=728  15.3s translated_this_run=515 eta=12498s
[  575/1460] index=729  11.8s translated_this_run=516 eta=12480s
[  576/1460] index=730  19.7s translated_this_run=517 eta=12475s
[  577/1460] index=731  10.9s translated_this_run=518 eta=12456s
[  578/1460] index=732  17.4s translated_this_run=519 eta=12447s
[  579/1460] index=733  17.7s translated_this_run=520 eta=12439s
[  580/1460] index=734  19.1s translated_this_run=521 eta=12434s
[  581/1460] index=735  11.4s translated_this_run=522 eta=12415s
[  582/1460] index=736  17.1s translated_this_run=523 eta=12406s
[  583/1460] index=737   9.4s translated_this_run=524 eta=12384s
[  584/1460] index=738  13.5s translated_this_run=525 eta=12369s
[  585/1460] index=739  18.8s translated_this_run=526 eta=12363s
[  586/1460] index=740  15.3s translated_this_run=527 eta=12351s
[  587/1460] index=741  14.9s translated_this_run=528 eta=12338s
[  588/1460] index=742   9.4s translated_this_run=529 eta=12316s
[  589/1460] index=743   9.6s translated_this_run=530 eta=12294s
[  590/1460] index=745 1084.4s translated_this_run=531 eta=14034s
[  591/1460] index=748  25.9s translated_this_run=532 eta=14034s
[  592/1460] index=749  20.9s translated_this_run=533 eta=14026s
[  593/1460] index=750  10.8s translated_this_run=534 eta=14001s
[  594/1460] index=751  10.9s translated_this_run=535 eta=13976s
[  595/1460] index=753  15.8s translated_this_run=536 eta=13960s
[  596/1460] index=754  11.0s translated_this_run=537 eta=13935s
[  597/1460] index=757   8.5s translated_this_run=538 eta=13907s
[  598/1460] index=759  18.1s translated_this_run=539 eta=13894s
[  599/1460] index=761  14.4s translated_this_run=540 eta=13875s
[  600/1460] index=762   9.4s translated_this_run=541 eta=13849s
[  601/1460] index=763  17.4s translated_this_run=542 eta=13835s
[  602/1460] index=765  15.9s translated_this_run=543 eta=13818s
[  603/1460] index=766  11.9s translated_this_run=544 eta=13796s
[  604/1460] index=767  13.1s translated_this_run=545 eta=13775s
[  605/1460] index=768   9.7s translated_this_run=546 eta=13749s
[  606/1460] index=769  14.7s translated_this_run=547 eta=13731s
[  607/1460] index=771  13.0s translated_this_run=548 eta=13710s
[  608/1460] index=773  17.4s translated_this_run=549 eta=13696s
[  609/1460] index=774   7.3s translated_this_run=550 eta=13666s
[  610/1460] index=776  14.4s translated_this_run=551 eta=13648s
[  611/1460] index=777  20.5s translated_this_run=552 eta=13639s
[  612/1460] index=778  14.6s translated_this_run=553 eta=13621s
[  613/1460] index=779   7.1s translated_this_run=554 eta=13591s
[  614/1460] index=780   9.4s translated_this_run=555 eta=13565s
[  615/1460] index=781  19.5s translated_this_run=556 eta=13554s
[  616/1460] index=782  14.3s translated_this_run=557 eta=13535s
[  617/1460] index=783   7.8s translated_this_run=558 eta=13507s
[  618/1460] index=784  15.9s translated_this_run=559 eta=13491s
[  619/1460] index=786  14.0s translated_this_run=560 eta=13472s
[  620/1460] index=787   6.7s translated_this_run=561 eta=13442s
[  621/1460] index=788  10.0s translated_this_run=562 eta=13417s
[  622/1460] index=789  13.9s translated_this_run=563 eta=13398s
[  623/1460] index=790  12.3s translated_this_run=564 eta=13377s
[  624/1460] index=791  17.9s translated_this_run=565 eta=13364s
[  625/1460] index=792  17.0s translated_this_run=566 eta=13349s
[  626/1460] index=793  20.9s translated_this_run=567 eta=13340s
[  627/1460] index=794  15.8s translated_this_run=568 eta=13324s
[  628/1460] index=796  15.8s translated_this_run=569 eta=13308s
[  629/1460] index=797  10.1s translated_this_run=570 eta=13283s
[  630/1460] index=798  11.7s translated_this_run=571 eta=13261s
[  631/1460] index=799  15.3s translated_this_run=572 eta=13244s
[  632/1460] index=800  11.9s translated_this_run=573 eta=13223s
[  633/1460] index=801  22.8s translated_this_run=574 eta=13217s
[  634/1460] index=803  18.4s translated_this_run=575 eta=13204s
[  635/1460] index=804   9.0s translated_this_run=576 eta=13178s
[  636/1460] index=805  16.2s translated_this_run=577 eta=13163s
[  637/1460] index=806  17.9s translated_this_run=578 eta=13149s
[  638/1460] index=809  16.1s translated_this_run=579 eta=13134s
[  639/1460] index=810  14.5s translated_this_run=580 eta=13116s
[  640/1460] index=811  14.5s translated_this_run=581 eta=13098s
[  641/1460] index=812  14.4s translated_this_run=582 eta=13080s
[  642/1460] index=813  14.6s translated_this_run=583 eta=13062s
[  643/1460] index=814  11.1s translated_this_run=584 eta=13039s
[  644/1460] index=815  18.4s translated_this_run=585 eta=13027s
[  645/1460] index=816  14.0s translated_this_run=586 eta=13008s
[  646/1460] index=817  13.3s translated_this_run=587 eta=12988s
[  647/1460] index=818   9.0s translated_this_run=588 eta=12963s
[  648/1460] index=819  14.0s translated_this_run=589 eta=12944s
[  649/1460] index=820   8.0s translated_this_run=590 eta=12917s
[  650/1460] index=821  11.1s translated_this_run=591 eta=12895s
[  651/1460] index=822  10.6s translated_this_run=592 eta=12872s
[  652/1460] index=823  11.7s translated_this_run=593 eta=12850s
[  653/1460] index=824   6.1s translated_this_run=594 eta=12821s
[  654/1460] index=825  10.9s translated_this_run=595 eta=12798s
[  655/1460] index=826  13.6s translated_this_run=596 eta=12780s
[  656/1460] index=827  15.7s translated_this_run=597 eta=12763s
[  657/1460] index=828   8.2s translated_this_run=598 eta=12737s
[  658/1460] index=829  17.5s translated_this_run=599 eta=12724s
[  659/1460] index=830  14.4s translated_this_run=600 eta=12706s
[  660/1460] index=831  11.9s translated_this_run=601 eta=12685s
[  661/1460] index=833   7.6s translated_this_run=602 eta=12658s
[  662/1460] index=834  13.0s translated_this_run=603 eta=12639s
[  663/1460] index=836  14.0s translated_this_run=604 eta=12620s
[  664/1460] index=837  11.9s translated_this_run=605 eta=12599s
[  665/1460] index=838  13.4s translated_this_run=606 eta=12580s
[  666/1460] index=839  14.3s translated_this_run=607 eta=12563s
[  667/1460] index=840  15.5s translated_this_run=608 eta=12547s
[  668/1460] index=841  19.4s translated_this_run=609 eta=12535s
[  669/1460] index=842  11.8s translated_this_run=610 eta=12514s
[  670/1460] index=844  12.7s translated_this_run=611 eta=12495s
[  671/1460] index=845  13.6s translated_this_run=612 eta=12476s
[  672/1460] index=846  14.4s translated_this_run=613 eta=12459s
[  673/1460] index=847  11.1s translated_this_run=614 eta=12437s
[  674/1460] index=849  12.6s translated_this_run=615 eta=12417s
[  675/1460] index=850  15.1s translated_this_run=616 eta=12400s
[  676/1460] index=851  13.3s translated_this_run=617 eta=12381s
[  677/1460] index=852  14.4s translated_this_run=618 eta=12364s
[  678/1460] index=853  13.5s translated_this_run=619 eta=12345s
[  679/1460] index=854   9.2s translated_this_run=620 eta=12321s
[  680/1460] index=856  10.1s translated_this_run=621 eta=12298s
[  681/1460] index=857  20.9s translated_this_run=622 eta=12289s
[  682/1460] index=858   8.6s translated_this_run=623 eta=12264s
[  683/1460] index=859   7.4s translated_this_run=624 eta=12238s
[  684/1460] index=860  16.8s translated_this_run=625 eta=12224s
[  685/1460] index=861  13.0s translated_this_run=626 eta=12205s
[  686/1460] index=862  15.2s translated_this_run=627 eta=12188s
[  687/1460] index=864  14.0s translated_this_run=628 eta=12170s
[  688/1460] index=865  16.9s translated_this_run=629 eta=12156s
[  689/1460] index=867  10.1s translated_this_run=630 eta=12134s
[  690/1460] index=868  13.8s translated_this_run=631 eta=12116s
[  691/1460] index=869  25.5s translated_this_run=632 eta=12112s
[  692/1460] index=870   5.9s translated_this_run=633 eta=12084s
[  693/1460] index=873  14.2s translated_this_run=634 eta=12067s
[  694/1460] index=876  17.6s translated_this_run=635 eta=12053s
[  695/1460] index=877   8.3s translated_this_run=636 eta=12029s
[  696/1460] index=878   8.5s translated_this_run=637 eta=12004s
[  697/1460] index=879   8.1s translated_this_run=638 eta=11979s
[  698/1460] index=880  19.3s translated_this_run=639 eta=11968s
[  699/1460] index=881   9.1s translated_this_run=640 eta=11945s
[  700/1460] index=882  14.7s translated_this_run=641 eta=11928s
[  701/1460] index=883  13.1s translated_this_run=642 eta=11909s
[  702/1460] index=884  12.0s translated_this_run=643 eta=11889s
[  703/1460] index=885   8.1s translated_this_run=644 eta=11865s
[  704/1460] index=886  13.9s translated_this_run=645 eta=11847s
[  705/1460] index=887  12.0s translated_this_run=646 eta=11827s
[  706/1460] index=888  17.6s translated_this_run=647 eta=11814s
[  707/1460] index=889  15.2s translated_this_run=648 eta=11797s
[  708/1460] index=890   8.5s translated_this_run=649 eta=11773s
[  709/1460] index=894  13.9s translated_this_run=650 eta=11756s
[  710/1460] index=895  16.0s translated_this_run=651 eta=11741s
[  711/1460] index=896  12.5s translated_this_run=652 eta=11721s
[  712/1460] index=897  13.4s translated_this_run=653 eta=11703s
[  713/1460] index=898  10.4s translated_this_run=654 eta=11682s
[  714/1460] index=899  15.6s translated_this_run=655 eta=11666s
[  715/1460] index=900   8.6s translated_this_run=656 eta=11642s
[  716/1460] index=901  10.2s translated_this_run=657 eta=11621s
[  717/1460] index=902  12.1s translated_this_run=658 eta=11601s
[  718/1460] index=903   8.4s translated_this_run=659 eta=11577s
[  719/1460] index=905  19.6s translated_this_run=660 eta=11566s
[  720/1460] index=906   7.9s translated_this_run=661 eta=11542s
[  721/1460] index=909  18.3s translated_this_run=662 eta=11530s
[  722/1460] index=910  18.8s translated_this_run=663 eta=11518s
[  723/1460] index=911  18.8s translated_this_run=664 eta=11506s
[  724/1460] index=912  19.9s translated_this_run=665 eta=11495s
[  725/1460] index=913  13.1s translated_this_run=666 eta=11476s
[  726/1460] index=914  15.4s translated_this_run=667 eta=11461s
[  727/1460] index=916  13.4s translated_this_run=668 eta=11443s
[  728/1460] index=917  17.1s translated_this_run=669 eta=11429s
[  729/1460] index=918  14.7s translated_this_run=670 eta=11412s
[  730/1460] index=919  14.3s translated_this_run=671 eta=11395s
[  731/1460] index=920   7.4s translated_this_run=672 eta=11371s
[  732/1460] index=922  15.3s translated_this_run=673 eta=11355s
[  733/1460] index=923  19.2s translated_this_run=674 eta=11343s
[  734/1460] index=924   9.7s translated_this_run=675 eta=11321s
[  735/1460] index=925  14.4s translated_this_run=676 eta=11304s
[  736/1460] index=926  14.6s translated_this_run=677 eta=11288s
[  737/1460] index=927  14.4s translated_this_run=678 eta=11271s
[  738/1460] index=928  17.8s translated_this_run=679 eta=11258s
[  739/1460] index=929   6.8s translated_this_run=680 eta=11233s
[  740/1460] index=930  10.6s translated_this_run=681 eta=11212s
[  741/1460] index=932  13.1s translated_this_run=682 eta=11194s
[  742/1460] index=934   8.2s translated_this_run=683 eta=11171s
[  743/1460] index=936  10.7s translated_this_run=684 eta=11150s
[  744/1460] index=937  11.8s translated_this_run=685 eta=11130s
[  745/1460] index=939   8.3s translated_this_run=686 eta=11107s
[  746/1460] index=940   8.7s translated_this_run=687 eta=11085s
[  747/1460] index=941  17.6s translated_this_run=688 eta=11071s
[  748/1460] index=942  10.0s translated_this_run=689 eta=11050s
[  749/1460] index=943   7.6s translated_this_run=690 eta=11027s
[  750/1460] index=944   9.6s translated_this_run=691 eta=11005s
[  751/1460] index=946  12.0s translated_this_run=692 eta=10986s
[  752/1460] index=947  11.5s translated_this_run=693 eta=10966s
[  753/1460] index=948  13.9s translated_this_run=694 eta=10949s
[  754/1460] index=949   8.0s translated_this_run=695 eta=10926s
[  755/1460] index=951   9.8s translated_this_run=696 eta=10905s
[  756/1460] index=952  13.6s translated_this_run=697 eta=10888s
[  757/1460] index=953   5.8s translated_this_run=698 eta=10863s
[  758/1460] index=956  16.9s translated_this_run=699 eta=10849s
[  759/1460] index=957  12.3s translated_this_run=700 eta=10830s
[  760/1460] index=959   9.2s translated_this_run=701 eta=10808s
[  761/1460] index=960  14.4s translated_this_run=702 eta=10792s
[  762/1460] index=961  12.6s translated_this_run=703 eta=10774s
[  763/1460] index=962   6.5s translated_this_run=704 eta=10749s
[  764/1460] index=963  11.9s translated_this_run=705 eta=10731s
[  765/1460] index=964   8.6s translated_this_run=706 eta=10709s
[  766/1460] index=965  11.2s translated_this_run=707 eta=10689s
[  767/1460] index=966  12.1s translated_this_run=708 eta=10670s
[  768/1460] index=967  12.8s translated_this_run=709 eta=10653s
[  769/1460] index=970   7.1s translated_this_run=710 eta=10629s
[  770/1460] index=971  16.2s translated_this_run=711 eta=10615s
[  771/1460] index=973   9.0s translated_this_run=712 eta=10593s
[  772/1460] index=974  10.6s translated_this_run=713 eta=10573s
[  773/1460] index=975   9.9s translated_this_run=714 eta=10552s
[  774/1460] index=977  12.0s translated_this_run=715 eta=10534s
[  775/1460] index=979  19.1s translated_this_run=716 eta=10522s
[  776/1460] index=980  12.2s translated_this_run=717 eta=10504s
[  777/1460] index=981  17.0s translated_this_run=718 eta=10490s
[  778/1460] index=982  16.6s translated_this_run=719 eta=10476s
[  779/1460] index=983  14.7s translated_this_run=720 eta=10460s
[  780/1460] index=984  16.9s translated_this_run=721 eta=10446s
[  781/1460] index=986  14.1s translated_this_run=722 eta=10430s
[  782/1460] index=987  15.2s translated_this_run=723 eta=10414s
[  783/1460] index=988   7.5s translated_this_run=724 eta=10392s
[  784/1460] index=989  15.4s translated_this_run=725 eta=10376s
[  785/1460] index=992  12.0s translated_this_run=726 eta=10358s
[  786/1460] index=993  11.1s translated_this_run=727 eta=10339s
[  787/1460] index=994  16.2s translated_this_run=728 eta=10324s
[  788/1460] index=995   9.8s translated_this_run=729 eta=10304s
[  789/1460] index=996  15.2s translated_this_run=730 eta=10288s
[  790/1460] index=997  13.0s translated_this_run=731 eta=10271s
[  791/1460] index=998  11.3s translated_this_run=732 eta=10252s
[  792/1460] index=999  16.9s translated_this_run=733 eta=10238s
[  793/1460] index=1000  16.1s translated_this_run=734 eta=10223s
[  794/1460] index=1001  23.3s translated_this_run=735 eta=10215s
[  795/1460] index=1002   8.7s translated_this_run=736 eta=10194s
[  796/1460] index=1003  15.3s translated_this_run=737 eta=10179s
[  797/1460] index=1004  14.4s translated_this_run=738 eta=10163s
[  798/1460] index=1005  19.4s translated_this_run=739 eta=10151s
[  799/1460] index=1006  12.0s translated_this_run=740 eta=10133s
[  800/1460] index=1007  12.3s translated_this_run=741 eta=10115s
[  801/1460] index=1008  10.8s translated_this_run=742 eta=10095s
[  802/1460] index=1009   8.9s translated_this_run=743 eta=10074s
[  803/1460] index=1010  16.5s translated_this_run=744 eta=10060s
[  804/1460] index=1012  13.1s translated_this_run=745 eta=10043s
[  805/1460] index=1013  10.8s translated_this_run=746 eta=10024s
[  806/1460] index=1014  12.1s translated_this_run=747 eta=10006s
[  807/1460] index=1015  13.8s translated_this_run=748 eta=9989s
[  808/1460] index=1016  11.5s translated_this_run=749 eta=9970s
[  809/1460] index=1017  15.2s translated_this_run=750 eta=9955s
[  810/1460] index=1019  19.8s translated_this_run=751 eta=9944s
[  811/1460] index=1020   8.0s translated_this_run=752 eta=9922s
[  812/1460] index=1023  18.8s translated_this_run=753 eta=9910s
[  813/1460] index=1024  17.1s translated_this_run=754 eta=9896s
[  814/1460] index=1025   8.1s translated_this_run=755 eta=9875s
[  815/1460] index=1026  14.6s translated_this_run=756 eta=9859s
[  816/1460] index=1027  16.4s translated_this_run=757 eta=9845s
[  817/1460] index=1028  13.0s translated_this_run=758 eta=9827s
[  818/1460] index=1029  15.9s translated_this_run=759 eta=9813s
[  819/1460] index=1030  14.3s translated_this_run=760 eta=9797s
[  820/1460] index=1031   6.0s translated_this_run=761 eta=9774s
[  821/1460] index=1032  10.3s translated_this_run=762 eta=9754s
[  822/1460] index=1033   8.3s translated_this_run=763 eta=9733s
[  823/1460] index=1034  18.1s translated_this_run=764 eta=9720s
[  824/1460] index=1036  16.2s translated_this_run=765 eta=9706s
[  825/1460] index=1037  15.9s translated_this_run=766 eta=9691s
[  826/1460] index=1039  19.6s translated_this_run=767 eta=9680s
[  827/1460] index=1040  14.3s translated_this_run=768 eta=9664s
[  828/1460] index=1042   9.9s translated_this_run=769 eta=9644s
[  829/1460] index=1044  10.9s translated_this_run=770 eta=9625s
[  830/1460] index=1046  13.7s translated_this_run=771 eta=9609s
[  831/1460] index=1047  15.9s translated_this_run=772 eta=9594s
[  832/1460] index=1049  11.6s translated_this_run=773 eta=9576s
[  833/1460] index=1050  15.7s translated_this_run=774 eta=9561s
[  834/1460] index=1053  18.4s translated_this_run=775 eta=9548s
[  835/1460] index=1054  18.0s translated_this_run=776 eta=9535s
[  836/1460] index=1055  15.3s translated_this_run=777 eta=9520s
[  837/1460] index=1056  10.6s translated_this_run=778 eta=9501s
[  838/1460] index=1057  10.9s translated_this_run=779 eta=9482s
[  839/1460] index=1058  16.2s translated_this_run=780 eta=9468s
[  840/1460] index=1059  10.2s translated_this_run=781 eta=9449s
[  841/1460] index=1061  11.4s translated_this_run=782 eta=9430s
[  842/1460] index=1062   6.4s translated_this_run=783 eta=9408s
[  843/1460] index=1063  20.6s translated_this_run=784 eta=9397s
[  844/1460] index=1064  16.0s translated_this_run=785 eta=9383s
[  845/1460] index=1065  10.8s translated_this_run=786 eta=9364s
[  846/1460] index=1066  17.8s translated_this_run=787 eta=9351s
[  847/1460] index=1067  14.7s translated_this_run=788 eta=9335s
[  848/1460] index=1069  13.8s translated_this_run=789 eta=9319s
[  849/1460] index=1070   6.9s translated_this_run=790 eta=9297s
[  850/1460] index=1071  16.1s translated_this_run=791 eta=9283s
[  851/1460] index=1073   9.9s translated_this_run=792 eta=9263s
[  852/1460] index=1074   8.6s translated_this_run=793 eta=9243s
[  853/1460] index=1075  13.2s translated_this_run=794 eta=9226s
[  854/1460] index=1076  13.7s translated_this_run=795 eta=9210s
[  855/1460] index=1077  14.9s translated_this_run=796 eta=9195s
[  856/1460] index=1078  12.0s translated_this_run=797 eta=9177s
[  857/1460] index=1080  12.8s translated_this_run=798 eta=9160s
[  858/1460] index=1081   5.8s translated_this_run=799 eta=9138s
[  859/1460] index=1082  16.4s translated_this_run=800 eta=9124s
[  860/1460] index=1083  13.4s translated_this_run=801 eta=9107s
[  861/1460] index=1084  10.3s translated_this_run=802 eta=9088s
[  862/1460] index=1085  10.8s translated_this_run=803 eta=9070s
[  863/1460] index=1087  14.5s translated_this_run=804 eta=9054s
[  864/1460] index=1088  16.7s translated_this_run=805 eta=9040s
[  865/1460] index=1089   8.4s translated_this_run=806 eta=9020s
[  866/1460] index=1090  12.2s translated_this_run=807 eta=9003s
[  867/1460] index=1091  14.9s translated_this_run=808 eta=8988s
[  868/1460] index=1092  18.9s translated_this_run=809 eta=8975s
[  869/1460] index=1093  17.3s translated_this_run=810 eta=8962s
[  870/1460] index=1095   5.6s translated_this_run=811 eta=8940s
[  871/1460] index=1096  13.5s translated_this_run=812 eta=8923s
[  872/1460] index=1097  13.9s translated_this_run=813 eta=8907s
[  873/1460] index=1098   9.0s translated_this_run=814 eta=8888s
[  874/1460] index=1099  12.3s translated_this_run=815 eta=8871s
[  875/1460] index=1100   8.4s translated_this_run=816 eta=8851s
[  876/1460] index=1101  15.3s translated_this_run=817 eta=8836s
[  877/1460] index=1102  18.8s translated_this_run=818 eta=8823s
[  878/1460] index=1107   5.9s translated_this_run=819 eta=8802s
[  879/1460] index=1108   6.7s translated_this_run=820 eta=8780s
[  880/1460] index=1109  15.3s translated_this_run=821 eta=8766s
[  881/1460] index=1110  14.8s translated_this_run=822 eta=8750s
[  882/1460] index=1111  19.2s translated_this_run=823 eta=8738s
[  883/1460] index=1112  17.9s translated_this_run=824 eta=8725s
[  884/1460] index=1113  17.6s translated_this_run=825 eta=8712s
[  885/1460] index=1114  17.8s translated_this_run=826 eta=8698s
[  886/1460] index=1115  17.6s translated_this_run=827 eta=8685s
[  887/1460] index=1117   9.9s translated_this_run=828 eta=8666s
[  888/1460] index=1118  17.7s translated_this_run=829 eta=8653s
[  889/1460] index=1119  19.0s translated_this_run=830 eta=8640s
[  890/1460] index=1121  19.3s translated_this_run=831 eta=8628s
[  891/1460] index=1123   6.6s translated_this_run=832 eta=8607s
[  892/1460] index=1124  10.6s translated_this_run=833 eta=8589s
[  893/1460] index=1125   7.8s translated_this_run=834 eta=8569s
[  894/1460] index=1126  11.3s translated_this_run=835 eta=8551s
[  895/1460] index=1127  12.7s translated_this_run=836 eta=8535s
[  896/1460] index=1130  17.0s translated_this_run=837 eta=8521s
[  897/1460] index=1131   8.6s translated_this_run=838 eta=8501s
[  898/1460] index=1132  19.1s translated_this_run=839 eta=8489s
[  899/1460] index=1133  10.7s translated_this_run=840 eta=8471s
[  900/1460] index=1134  16.5s translated_this_run=841 eta=8457s
[  901/1460] index=1135  18.9s translated_this_run=842 eta=8444s
[  902/1460] index=1136  14.7s translated_this_run=843 eta=8429s
[  903/1460] index=1137  10.2s translated_this_run=844 eta=8411s
[  904/1460] index=1138  13.3s translated_this_run=845 eta=8394s
[  905/1460] index=1139  17.1s translated_this_run=846 eta=8381s
[  906/1460] index=1140  17.6s translated_this_run=847 eta=8367s
[  907/1460] index=1142  18.3s translated_this_run=848 eta=8354s
[  908/1460] index=1144  15.6s translated_this_run=849 eta=8339s
[  909/1460] index=1147   6.9s translated_this_run=850 eta=8319s
[  910/1460] index=1148  14.5s translated_this_run=851 eta=8304s
[  911/1460] index=1149  16.6s translated_this_run=852 eta=8289s
[  912/1460] index=1151  15.0s translated_this_run=853 eta=8274s
[  913/1460] index=1152  12.4s translated_this_run=854 eta=8258s
[  914/1460] index=1154  10.5s translated_this_run=855 eta=8240s
[  915/1460] index=1156   6.6s translated_this_run=856 eta=8219s
[  916/1460] index=1157  16.7s translated_this_run=857 eta=8205s
[  917/1460] index=1158  17.9s translated_this_run=858 eta=8192s
[  918/1460] index=1159  16.6s translated_this_run=859 eta=8178s
[  919/1460] index=1160  21.1s translated_this_run=860 eta=8166s
[  920/1460] index=1161  14.4s translated_this_run=861 eta=8151s
[  921/1460] index=1162  14.9s translated_this_run=862 eta=8136s
[  922/1460] index=1163  18.4s translated_this_run=863 eta=8123s
[  923/1460] index=1166  15.9s translated_this_run=864 eta=8108s
[  924/1460] index=1167  16.0s translated_this_run=865 eta=8094s
[  925/1460] index=1168  15.1s translated_this_run=866 eta=8079s
[  926/1460] index=1169  18.3s translated_this_run=867 eta=8065s
[  927/1460] index=1170  17.7s translated_this_run=868 eta=8052s
[  928/1460] index=1171  13.4s translated_this_run=869 eta=8036s
[  929/1460] index=1172  14.1s translated_this_run=870 eta=8020s
[  930/1460] index=1173   9.9s translated_this_run=871 eta=8002s
[  931/1460] index=1175  23.4s translated_this_run=872 eta=7992s
[  932/1460] index=1176   9.3s translated_this_run=873 eta=7973s
[  933/1460] index=1178   8.6s translated_this_run=874 eta=7954s
[  934/1460] index=1179  15.4s translated_this_run=875 eta=7939s
[  935/1460] index=1180   9.1s translated_this_run=876 eta=7921s
[  936/1460] index=1181  14.7s translated_this_run=877 eta=7905s
[  937/1460] index=1182  20.0s translated_this_run=878 eta=7893s
[  938/1460] index=1183  17.2s translated_this_run=879 eta=7879s
[  939/1460] index=1185  18.4s translated_this_run=880 eta=7866s
[  940/1460] index=1187  16.2s translated_this_run=881 eta=7852s
[  941/1460] index=1188  14.7s translated_this_run=882 eta=7837s
[  942/1460] index=1189  17.5s translated_this_run=883 eta=7823s
[  943/1460] index=1190  15.4s translated_this_run=884 eta=7808s
[  944/1460] index=1191  18.0s translated_this_run=885 eta=7795s
[  945/1460] index=1192  12.0s translated_this_run=886 eta=7778s
[  946/1460] index=1193  13.3s translated_this_run=887 eta=7762s
[  947/1460] index=1194  17.3s translated_this_run=888 eta=7748s
[  948/1460] index=1195  14.3s translated_this_run=889 eta=7732s
[  949/1460] index=1196  14.1s translated_this_run=890 eta=7717s
[  950/1460] index=1198  14.2s translated_this_run=891 eta=7701s
[  951/1460] index=1200  19.0s translated_this_run=892 eta=7688s
[  952/1460] index=1201   8.5s translated_this_run=893 eta=7669s
[  953/1460] index=1202  14.5s translated_this_run=894 eta=7654s
[  954/1460] index=1204   8.2s translated_this_run=895 eta=7635s
[  955/1460] index=1205  10.0s translated_this_run=896 eta=7617s
[  956/1460] index=1206  14.2s translated_this_run=897 eta=7601s
[  957/1460] index=1209   8.6s translated_this_run=898 eta=7583s
[  958/1460] index=1210  19.0s translated_this_run=899 eta=7570s
[  959/1460] index=1211  16.6s translated_this_run=900 eta=7556s
[  960/1460] index=1213  15.4s translated_this_run=901 eta=7541s
[  961/1460] index=1214  14.7s translated_this_run=902 eta=7526s
[  962/1460] index=1215  20.0s translated_this_run=903 eta=7513s
[  963/1460] index=1216  10.0s translated_this_run=904 eta=7495s
[  964/1460] index=1218  17.5s translated_this_run=905 eta=7482s
[  965/1460] index=1219  15.2s translated_this_run=906 eta=7467s
[  966/1460] index=1220  16.8s translated_this_run=907 eta=7453s
[  967/1460] index=1221  13.9s translated_this_run=908 eta=7437s
[  968/1460] index=1222  18.1s translated_this_run=909 eta=7423s
[  969/1460] index=1223   7.4s translated_this_run=910 eta=7404s
[  970/1460] index=1224  16.5s translated_this_run=911 eta=7390s
[  971/1460] index=1225  19.0s translated_this_run=912 eta=7377s
[  972/1460] index=1226  13.0s translated_this_run=913 eta=7361s
[  973/1460] index=1227  13.0s translated_this_run=914 eta=7345s
[  974/1460] index=1228  16.8s translated_this_run=915 eta=7330s
[  975/1460] index=1229  17.7s translated_this_run=916 eta=7317s
[  976/1460] index=1232  12.1s translated_this_run=917 eta=7300s
[  977/1460] index=1235  17.1s translated_this_run=918 eta=7286s
[  978/1460] index=1236  11.7s translated_this_run=919 eta=7269s
[  979/1460] index=1237  15.1s translated_this_run=920 eta=7254s
[  980/1460] index=1238  19.4s translated_this_run=921 eta=7241s
[  981/1460] index=1239  21.0s translated_this_run=922 eta=7229s
[  982/1460] index=1240  19.5s translated_this_run=923 eta=7217s
[  983/1460] index=1241  22.1s translated_this_run=924 eta=7205s
[  984/1460] index=1242  14.2s translated_this_run=925 eta=7190s
[  985/1460] index=1243  18.4s translated_this_run=926 eta=7176s
[  986/1460] index=1245  20.7s translated_this_run=927 eta=7164s
[  987/1460] index=1247  15.7s translated_this_run=928 eta=7149s
[  988/1460] index=1248  20.7s translated_this_run=929 eta=7137s
[  989/1460] index=1249  15.8s translated_this_run=930 eta=7122s
[  990/1460] index=1250  13.1s translated_this_run=931 eta=7106s
[  991/1460] index=1251  22.5s translated_this_run=932 eta=7095s
[  992/1460] index=1252  11.8s translated_this_run=933 eta=7078s
[  993/1460] index=1253  15.7s translated_this_run=934 eta=7063s
[  994/1460] index=1256  18.9s translated_this_run=935 eta=7050s
[  995/1460] index=1257  16.7s translated_this_run=936 eta=7036s
[  996/1460] index=1259  19.0s translated_this_run=937 eta=7022s
[  997/1460] index=1260  17.2s translated_this_run=938 eta=7008s
[  998/1460] index=1261  17.8s translated_this_run=939 eta=6995s
[  999/1460] index=1262  11.3s translated_this_run=940 eta=6978s
[ 1000/1460] index=1263  19.5s translated_this_run=941 eta=6965s
[ 1001/1460] index=1264  15.8s translated_this_run=942 eta=6950s
[ 1002/1460] index=1265  20.7s translated_this_run=943 eta=6937s
[ 1003/1460] index=1266  22.5s translated_this_run=944 eta=6926s
[ 1004/1460] index=1267  10.7s translated_this_run=945 eta=6908s
[ 1005/1460] index=1268   9.0s translated_this_run=946 eta=6890s
[ 1006/1460] index=1269  17.8s translated_this_run=947 eta=6877s
[ 1007/1460] index=1270  11.3s translated_this_run=948 eta=6860s
[ 1008/1460] index=1271  21.3s translated_this_run=949 eta=6847s
[ 1009/1460] index=1272  20.1s translated_this_run=950 eta=6835s
[ 1010/1460] index=1273  16.6s translated_this_run=951 eta=6820s
[ 1011/1460] index=1274  14.8s translated_this_run=952 eta=6805s
[ 1012/1460] index=1275  15.8s translated_this_run=953 eta=6790s
[ 1013/1460] index=1276  17.5s translated_this_run=954 eta=6776s
[ 1014/1460] index=1278   7.1s translated_this_run=955 eta=6757s
[ 1015/1460] index=1279   7.7s translated_this_run=956 eta=6738s
[ 1016/1460] index=1280  20.0s translated_this_run=957 eta=6726s
[ 1017/1460] index=1282  18.2s translated_this_run=958 eta=6712s
[ 1018/1460] index=1284  15.2s translated_this_run=959 eta=6697s
[ 1019/1460] index=1285  12.0s translated_this_run=960 eta=6680s
[ 1020/1460] index=1286  11.6s translated_this_run=961 eta=6663s
[ 1021/1460] index=1287  10.7s translated_this_run=962 eta=6646s
[ 1022/1460] index=1288  15.2s translated_this_run=963 eta=6631s
[ 1023/1460] index=1291  12.8s translated_this_run=964 eta=6615s
[ 1024/1460] index=1292  11.9s translated_this_run=965 eta=6598s
[ 1025/1460] index=1293  10.8s translated_this_run=966 eta=6581s
[ 1026/1460] index=1294  14.5s translated_this_run=967 eta=6566s
[ 1027/1460] index=1295  16.9s translated_this_run=968 eta=6552s
[ 1028/1460] index=1296  13.7s translated_this_run=969 eta=6536s
[ 1029/1460] index=1297  14.2s translated_this_run=970 eta=6520s
[ 1030/1460] index=1298  22.4s translated_this_run=971 eta=6509s
[ 1031/1460] index=1299  16.7s translated_this_run=972 eta=6494s
[ 1032/1460] index=1300   8.0s translated_this_run=973 eta=6476s
[ 1033/1460] index=1301   8.3s translated_this_run=974 eta=6458s
[ 1034/1460] index=1302  13.3s translated_this_run=975 eta=6442s
[ 1035/1460] index=1303  18.9s translated_this_run=976 eta=6428s
[ 1036/1460] index=1305  17.7s translated_this_run=977 eta=6414s
[ 1037/1460] index=1307  13.1s translated_this_run=978 eta=6398s
[ 1038/1460] index=1310   9.7s translated_this_run=979 eta=6381s
[ 1039/1460] index=1311  12.5s translated_this_run=980 eta=6365s
[ 1040/1460] index=1312  16.7s translated_this_run=981 eta=6350s
[ 1041/1460] index=1313  15.5s translated_this_run=982 eta=6335s
[ 1042/1460] index=1314   9.4s translated_this_run=983 eta=6318s
[ 1043/1460] index=1315  13.7s translated_this_run=984 eta=6302s
[ 1044/1460] index=1316  10.4s translated_this_run=985 eta=6285s
[ 1045/1460] index=1318  18.5s translated_this_run=986 eta=6271s
[ 1046/1460] index=1319  16.4s translated_this_run=987 eta=6257s
[ 1047/1460] index=1320  16.3s translated_this_run=988 eta=6242s
[ 1048/1460] index=1323  15.2s translated_this_run=989 eta=6227s
[ 1049/1460] index=1325   9.1s translated_this_run=990 eta=6210s
[ 1050/1460] index=1327  14.7s translated_this_run=991 eta=6194s
[ 1051/1460] index=1328  15.1s translated_this_run=992 eta=6179s
[ 1052/1460] index=1329  11.8s translated_this_run=993 eta=6163s
[ 1053/1460] index=1330  10.9s translated_this_run=994 eta=6146s
[ 1054/1460] index=1331  10.9s translated_this_run=995 eta=6129s
[ 1055/1460] index=1332  15.4s translated_this_run=996 eta=6114s
[ 1056/1460] index=1333   9.3s translated_this_run=997 eta=6097s
[ 1057/1460] index=1335  12.8s translated_this_run=998 eta=6081s
[ 1058/1460] index=1336   7.5s translated_this_run=999 eta=6063s
[ 1059/1460] index=1337   9.5s translated_this_run=1000 eta=6045s
[ 1060/1460] index=1338  12.1s translated_this_run=1001 eta=6029s
[ 1061/1460] index=1339  19.2s translated_this_run=1002 eta=6016s
[ 1062/1460] index=1340  13.2s translated_this_run=1003 eta=6000s
[ 1063/1460] index=1344  15.1s translated_this_run=1004 eta=5985s
[ 1064/1460] index=1345  12.4s translated_this_run=1005 eta=5969s
[ 1065/1460] index=1347  12.5s translated_this_run=1006 eta=5953s
[ 1066/1460] index=1348  16.1s translated_this_run=1007 eta=5938s
[ 1067/1460] index=1349  15.5s translated_this_run=1008 eta=5923s
[ 1068/1460] index=1350  21.0s translated_this_run=1009 eta=5910s
[ 1069/1460] index=1351  15.1s translated_this_run=1010 eta=5895s
[ 1070/1460] index=1352  12.6s translated_this_run=1011 eta=5879s
[ 1071/1460] index=1353  18.6s translated_this_run=1012 eta=5866s
[ 1072/1460] index=1354  13.5s translated_this_run=1013 eta=5850s
[ 1073/1460] index=1355  12.5s translated_this_run=1014 eta=5834s
[ 1074/1460] index=1356  10.5s translated_this_run=1015 eta=5817s
[ 1075/1460] index=1357  20.2s translated_this_run=1016 eta=5804s
[ 1076/1460] index=1358  37.3s translated_this_run=1017 eta=5797s
[ 1077/1460] index=1359  19.0s translated_this_run=1018 eta=5784s
[ 1078/1460] index=1360  13.0s translated_this_run=1019 eta=5768s
[ 1079/1460] index=1361  22.8s translated_this_run=1020 eta=5756s
[ 1080/1460] index=1362  13.8s translated_this_run=1021 eta=5740s
[ 1081/1460] index=1363  11.8s translated_this_run=1022 eta=5724s
[ 1082/1460] index=1364   8.9s translated_this_run=1023 eta=5706s
[ 1083/1460] index=1365  18.2s translated_this_run=1024 eta=5693s
[ 1084/1460] index=1366  13.4s translated_this_run=1025 eta=5677s
[ 1085/1460] index=1367  20.4s translated_this_run=1026 eta=5664s
[ 1086/1460] index=1368  13.2s translated_this_run=1027 eta=5648s
[ 1087/1460] index=1369  14.0s translated_this_run=1028 eta=5632s
[ 1088/1460] index=1370   7.8s translated_this_run=1029 eta=5615s
[ 1089/1460] index=1371  19.2s translated_this_run=1030 eta=5601s
[ 1090/1460] index=1373  13.1s translated_this_run=1031 eta=5585s
[ 1091/1460] index=1375   8.7s translated_this_run=1032 eta=5568s
[ 1092/1460] index=1376  18.4s translated_this_run=1033 eta=5554s
[ 1093/1460] index=1378  15.1s translated_this_run=1034 eta=5539s
[ 1094/1460] index=1379  13.1s translated_this_run=1035 eta=5523s
[ 1095/1460] index=1381  16.7s translated_this_run=1036 eta=5509s
[ 1096/1460] index=1382  12.6s translated_this_run=1037 eta=5493s
[ 1097/1460] index=1383  15.1s translated_this_run=1038 eta=5478s
[ 1098/1460] index=1384  16.7s translated_this_run=1039 eta=5463s
[ 1099/1460] index=1385  17.3s translated_this_run=1040 eta=5449s
[ 1100/1460] index=1386  14.0s translated_this_run=1041 eta=5433s
[ 1101/1460] index=1388  17.5s translated_this_run=1042 eta=5419s
[ 1102/1460] index=1389   7.7s translated_this_run=1043 eta=5401s
[ 1103/1460] index=1390  21.7s translated_this_run=1044 eta=5389s
[ 1104/1460] index=1392  13.9s translated_this_run=1045 eta=5373s
[ 1105/1460] index=1393  12.9s translated_this_run=1046 eta=5357s
[ 1106/1460] index=1394  17.6s translated_this_run=1047 eta=5343s
[ 1107/1460] index=1395   7.4s translated_this_run=1048 eta=5325s
[ 1108/1460] index=1396  14.9s translated_this_run=1049 eta=5310s
[ 1109/1460] index=1397  19.2s translated_this_run=1050 eta=5297s
[ 1110/1460] index=1398  12.6s translated_this_run=1051 eta=5281s
[ 1111/1460] index=1399  17.7s translated_this_run=1052 eta=5266s
[ 1112/1460] index=1400   8.4s translated_this_run=1053 eta=5249s
[ 1113/1460] index=1401  10.0s translated_this_run=1054 eta=5232s
[ 1114/1460] index=1402  13.0s translated_this_run=1055 eta=5217s
[ 1115/1460] index=1403  13.9s translated_this_run=1056 eta=5201s
[ 1116/1460] index=1404   9.4s translated_this_run=1057 eta=5184s
[ 1117/1460] index=1405  10.0s translated_this_run=1058 eta=5168s
[ 1118/1460] index=1406  12.2s translated_this_run=1059 eta=5152s
[ 1119/1460] index=1407  17.1s translated_this_run=1060 eta=5137s
[ 1120/1460] index=1408  18.9s translated_this_run=1061 eta=5123s
[ 1121/1460] index=1410  21.2s translated_this_run=1062 eta=5110s
[ 1122/1460] index=1411  10.9s translated_this_run=1063 eta=5094s
[ 1123/1460] index=1413  16.7s translated_this_run=1064 eta=5079s
[ 1124/1460] index=1414  11.6s translated_this_run=1065 eta=5063s
[ 1125/1460] index=1416  13.3s translated_this_run=1066 eta=5048s
[ 1126/1460] index=1418  16.0s translated_this_run=1067 eta=5033s
[ 1127/1460] index=1419  11.9s translated_this_run=1068 eta=5017s
[ 1128/1460] index=1420  16.8s translated_this_run=1069 eta=5002s
[ 1129/1460] index=1421  10.6s translated_this_run=1070 eta=4986s
[ 1130/1460] index=1422  17.7s translated_this_run=1071 eta=4972s
[ 1131/1460] index=1423  17.2s translated_this_run=1072 eta=4957s
[ 1132/1460] index=1424  14.9s translated_this_run=1073 eta=4942s
[ 1133/1460] index=1425  14.6s translated_this_run=1074 eta=4927s
[ 1134/1460] index=1426  14.9s translated_this_run=1075 eta=4912s
[ 1135/1460] index=1427  17.6s translated_this_run=1076 eta=4898s
[ 1136/1460] index=1428  15.8s translated_this_run=1077 eta=4883s
[ 1137/1460] index=1429  16.8s translated_this_run=1078 eta=4868s
[ 1138/1460] index=1430  13.2s translated_this_run=1079 eta=4852s
[ 1139/1460] index=1431   8.2s translated_this_run=1080 eta=4835s
[ 1140/1460] index=1432  22.1s translated_this_run=1081 eta=4822s
[ 1141/1460] index=1433  19.4s translated_this_run=1082 eta=4809s
[ 1142/1460] index=1435  25.3s translated_this_run=1083 eta=4797s
[ 1143/1460] index=1436  17.7s translated_this_run=1084 eta=4782s
[ 1144/1460] index=1438  15.1s translated_this_run=1085 eta=4767s
[ 1145/1460] index=1439  18.5s translated_this_run=1086 eta=4753s
[ 1146/1460] index=1444  23.5s translated_this_run=1087 eta=4740s
[ 1147/1460] index=1446  10.8s translated_this_run=1088 eta=4724s
[ 1148/1460] index=1448  17.8s translated_this_run=1089 eta=4710s
[ 1149/1460] index=1449  15.5s translated_this_run=1090 eta=4695s
[ 1150/1460] index=1450  15.5s translated_this_run=1091 eta=4680s
[ 1151/1460] index=1451  18.6s translated_this_run=1092 eta=4666s
[ 1152/1460] index=1453   7.2s translated_this_run=1093 eta=4648s
[ 1153/1460] index=1454  13.2s translated_this_run=1094 eta=4633s
[ 1154/1460] index=1455  12.3s translated_this_run=1095 eta=4617s
[ 1155/1460] index=1456  18.9s translated_this_run=1096 eta=4603s
[ 1156/1460] index=1457  12.1s translated_this_run=1097 eta=4587s
[ 1157/1460] index=1458  13.1s translated_this_run=1098 eta=4571s
[ 1158/1460] index=1459  10.6s translated_this_run=1099 eta=4555s
[ 1159/1460] index=1462   8.8s translated_this_run=1100 eta=4538s
[ 1160/1460] index=1463  14.1s translated_this_run=1101 eta=4523s
[ 1161/1460] index=1464   8.2s translated_this_run=1102 eta=4506s
[ 1162/1460] index=1465  11.0s translated_this_run=1103 eta=4490s
[ 1163/1460] index=1466  12.6s translated_this_run=1104 eta=4474s
[ 1164/1460] index=1468  16.2s translated_this_run=1105 eta=4459s
[ 1165/1460] index=1469  10.2s translated_this_run=1106 eta=4443s
[ 1166/1460] index=1470  11.9s translated_this_run=1107 eta=4427s
[ 1167/1460] index=1472   9.9s translated_this_run=1108 eta=4411s
[ 1168/1460] index=1473  15.8s translated_this_run=1109 eta=4396s
[ 1169/1460] index=1475  11.7s translated_this_run=1110 eta=4380s
[ 1170/1460] index=1476  16.5s translated_this_run=1111 eta=4365s
[ 1171/1460] index=1477  14.4s translated_this_run=1112 eta=4350s
[ 1172/1460] index=1478  13.1s translated_this_run=1113 eta=4335s
[ 1173/1460] index=1479  16.7s translated_this_run=1114 eta=4320s
[ 1174/1460] index=1481  14.6s translated_this_run=1115 eta=4305s
[ 1175/1460] index=1482  15.0s translated_this_run=1116 eta=4290s
[ 1176/1460] index=1483  18.1s translated_this_run=1117 eta=4275s
[ 1177/1460] index=1484   8.8s translated_this_run=1118 eta=4259s
[ 1178/1460] index=1486  10.3s translated_this_run=1119 eta=4243s
[ 1179/1460] index=1488  13.5s translated_this_run=1120 eta=4227s
[ 1180/1460] index=1489  15.9s translated_this_run=1121 eta=4212s
[ 1181/1460] index=1491  15.7s translated_this_run=1122 eta=4197s
[ 1182/1460] index=1492   8.9s translated_this_run=1123 eta=4181s
[ 1183/1460] index=1493  14.5s translated_this_run=1124 eta=4166s
[ 1184/1460] index=1494  14.1s translated_this_run=1125 eta=4150s
[ 1185/1460] index=1495  18.7s translated_this_run=1126 eta=4136s
[ 1186/1460] index=1497  11.5s translated_this_run=1127 eta=4120s
[ 1187/1460] index=1498  13.3s translated_this_run=1128 eta=4105s
[ 1188/1460] index=1500  16.0s translated_this_run=1129 eta=4090s
[ 1189/1460] index=1501  13.0s translated_this_run=1130 eta=4075s
[ 1190/1460] index=1502   8.3s translated_this_run=1131 eta=4058s
[ 1191/1460] index=1503  20.0s translated_this_run=1132 eta=4044s
[ 1192/1460] index=1504   8.8s translated_this_run=1133 eta=4028s
[ 1193/1460] index=1506   8.8s translated_this_run=1134 eta=4011s
[ 1194/1460] index=1507  13.2s translated_this_run=1135 eta=3996s
[ 1195/1460] index=1508  12.0s translated_this_run=1136 eta=3980s
[ 1196/1460] index=1509  16.8s translated_this_run=1137 eta=3965s
[ 1197/1460] index=1510  14.6s translated_this_run=1138 eta=3950s
[ 1198/1460] index=1511  13.6s translated_this_run=1139 eta=3935s
[ 1199/1460] index=1512  21.1s translated_this_run=1140 eta=3921s
[ 1200/1460] index=1513   8.6s translated_this_run=1141 eta=3905s
[ 1201/1460] index=1514   6.5s translated_this_run=1142 eta=3888s
[ 1202/1460] index=1515  15.4s translated_this_run=1143 eta=3873s
[ 1203/1460] index=1517  15.8s translated_this_run=1144 eta=3858s
[ 1204/1460] index=1518  16.7s translated_this_run=1145 eta=3844s
[ 1205/1460] index=1520  23.6s translated_this_run=1146 eta=3831s
[ 1206/1460] index=1521  18.6s translated_this_run=1147 eta=3816s
[ 1207/1460] index=1522  18.8s translated_this_run=1148 eta=3802s
[ 1208/1460] index=1523  12.3s translated_this_run=1149 eta=3787s
[ 1209/1460] index=1525  18.8s translated_this_run=1150 eta=3772s
[ 1210/1460] index=1526  10.6s translated_this_run=1151 eta=3756s
[ 1211/1460] index=1529  18.8s translated_this_run=1152 eta=3742s
[ 1212/1460] index=1530  10.7s translated_this_run=1153 eta=3726s
[ 1213/1460] index=1531  15.6s translated_this_run=1154 eta=3711s
[ 1214/1460] index=1535  16.9s translated_this_run=1155 eta=3697s
[ 1215/1460] index=1536  19.6s translated_this_run=1156 eta=3683s
[ 1216/1460] index=1537  18.4s translated_this_run=1157 eta=3668s
[ 1217/1460] index=1538   7.8s translated_this_run=1158 eta=3652s
[ 1218/1460] index=1539  10.3s translated_this_run=1159 eta=3636s
[ 1219/1460] index=1540  14.5s translated_this_run=1160 eta=3621s
[ 1220/1460] index=1542  10.3s translated_this_run=1161 eta=3605s
[ 1221/1460] index=1543  13.5s translated_this_run=1162 eta=3589s
[ 1222/1460] index=1545  13.9s translated_this_run=1163 eta=3574s
[ 1223/1460] index=1548  12.7s translated_this_run=1164 eta=3559s
[ 1224/1460] index=1549  18.7s translated_this_run=1165 eta=3544s
[ 1225/1460] index=1550  13.0s translated_this_run=1166 eta=3529s
[ 1226/1460] index=1551  13.7s translated_this_run=1167 eta=3514s
[ 1227/1460] index=1552  16.1s translated_this_run=1168 eta=3499s
[ 1228/1460] index=1553  17.3s translated_this_run=1169 eta=3484s
[ 1229/1460] index=1554   9.5s translated_this_run=1170 eta=3468s
[ 1230/1460] index=1555  10.1s translated_this_run=1171 eta=3452s
[ 1231/1460] index=1556  16.7s translated_this_run=1172 eta=3438s
[ 1232/1460] index=1557   9.1s translated_this_run=1173 eta=3421s
[ 1233/1460] index=1558  15.6s translated_this_run=1174 eta=3407s
[ 1234/1460] index=1559  13.8s translated_this_run=1175 eta=3391s
[ 1235/1460] index=1560  15.0s translated_this_run=1176 eta=3376s
[ 1236/1460] index=1561  19.4s translated_this_run=1177 eta=3362s
[ 1237/1460] index=1562  19.5s translated_this_run=1178 eta=3348s
[ 1238/1460] index=1563  16.0s translated_this_run=1179 eta=3333s
[ 1239/1460] index=1564  19.4s translated_this_run=1180 eta=3319s
[ 1240/1460] index=1565  16.4s translated_this_run=1181 eta=3304s
[ 1241/1460] index=1566  14.3s translated_this_run=1182 eta=3289s
[ 1242/1460] index=1567  12.0s translated_this_run=1183 eta=3273s
[ 1243/1460] index=1568   7.4s translated_this_run=1184 eta=3257s
[ 1244/1460] index=1570  14.5s translated_this_run=1185 eta=3242s
[ 1245/1460] index=1571  12.4s translated_this_run=1186 eta=3226s
[ 1246/1460] index=1572  16.1s translated_this_run=1187 eta=3212s
[ 1247/1460] index=1573  14.2s translated_this_run=1188 eta=3197s
[ 1248/1460] index=1575  22.7s translated_this_run=1189 eta=3183s
[ 1249/1460] index=1576  16.8s translated_this_run=1190 eta=3168s
[ 1250/1460] index=1579  11.9s translated_this_run=1191 eta=3153s
[ 1251/1460] index=1580  15.5s translated_this_run=1192 eta=3138s
[ 1252/1460] index=1581   6.9s translated_this_run=1193 eta=3121s
[ 1253/1460] index=1582  20.0s translated_this_run=1194 eta=3107s
[ 1254/1460] index=1583  16.1s translated_this_run=1195 eta=3092s
[ 1255/1460] index=1585  15.2s translated_this_run=1196 eta=3077s
[ 1256/1460] index=1587  17.1s translated_this_run=1197 eta=3063s
[ 1257/1460] index=1588   8.5s translated_this_run=1198 eta=3047s
[ 1258/1460] index=1589  13.2s translated_this_run=1199 eta=3031s
[ 1259/1460] index=1592  18.8s translated_this_run=1200 eta=3017s
[ 1260/1460] index=1593  16.7s translated_this_run=1201 eta=3002s
[ 1261/1460] index=1595   9.9s translated_this_run=1202 eta=2986s
[ 1262/1460] index=1596  15.9s translated_this_run=1203 eta=2972s
[ 1263/1460] index=1598  17.4s translated_this_run=1204 eta=2957s
[ 1264/1460] index=1599  20.0s translated_this_run=1205 eta=2943s
[ 1265/1460] index=1600  19.1s translated_this_run=1206 eta=2928s
[ 1266/1460] index=1602  25.2s translated_this_run=1207 eta=2915s
[ 1267/1460] index=1604  12.0s translated_this_run=1208 eta=2899s
[ 1268/1460] index=1605  27.3s translated_this_run=1209 eta=2886s
[ 1269/1460] index=1606  14.6s translated_this_run=1210 eta=2871s
[ 1270/1460] index=1607  15.2s translated_this_run=1211 eta=2856s
[ 1271/1460] index=1609  17.1s translated_this_run=1212 eta=2842s
[ 1272/1460] index=1610  16.1s translated_this_run=1213 eta=2827s
[ 1273/1460] index=1611  10.3s translated_this_run=1214 eta=2811s
[ 1274/1460] index=1612  19.6s translated_this_run=1215 eta=2797s
[ 1275/1460] index=1613  10.3s translated_this_run=1216 eta=2781s
[ 1276/1460] index=1614  19.9s translated_this_run=1217 eta=2767s
[ 1277/1460] index=1615  11.5s translated_this_run=1218 eta=2751s
[ 1278/1460] index=1616  14.0s translated_this_run=1219 eta=2736s
[ 1279/1460] index=1617  15.1s translated_this_run=1220 eta=2721s
[ 1280/1460] index=1618  15.7s translated_this_run=1221 eta=2706s
[ 1281/1460] index=1619  15.2s translated_this_run=1222 eta=2691s
[ 1282/1460] index=1620  22.9s translated_this_run=1223 eta=2677s
[ 1283/1460] index=1622   6.9s translated_this_run=1224 eta=2661s
[ 1284/1460] index=1623  17.3s translated_this_run=1225 eta=2646s
[ 1285/1460] index=1624  14.4s translated_this_run=1226 eta=2631s
[ 1286/1460] index=1626  13.4s translated_this_run=1227 eta=2616s
[ 1287/1460] index=1627   9.7s translated_this_run=1228 eta=2600s
[ 1288/1460] index=1628  14.8s translated_this_run=1229 eta=2585s
[ 1289/1460] index=1629   8.4s translated_this_run=1230 eta=2569s
[ 1290/1460] index=1630  14.4s translated_this_run=1231 eta=2554s
[ 1291/1460] index=1631  13.1s translated_this_run=1232 eta=2539s
[ 1292/1460] index=1632  15.2s translated_this_run=1233 eta=2524s
[ 1293/1460] index=1636  19.4s translated_this_run=1234 eta=2509s
[ 1294/1460] index=1637   6.0s translated_this_run=1235 eta=2493s
[ 1295/1460] index=1638  11.9s translated_this_run=1236 eta=2477s
[ 1296/1460] index=1639  16.8s translated_this_run=1237 eta=2463s
[ 1297/1460] index=1641  14.6s translated_this_run=1238 eta=2448s
[ 1298/1460] index=1643  12.8s translated_this_run=1239 eta=2432s
[ 1299/1460] index=1645  16.7s translated_this_run=1240 eta=2418s
[ 1300/1460] index=1646  21.5s translated_this_run=1241 eta=2403s
[ 1301/1460] index=1647  11.8s translated_this_run=1242 eta=2388s
[ 1302/1460] index=1648  14.5s translated_this_run=1243 eta=2373s
[ 1303/1460] index=1651  14.3s translated_this_run=1244 eta=2358s
[ 1304/1460] index=1652  10.3s translated_this_run=1245 eta=2342s
[ 1305/1460] index=1653  12.4s translated_this_run=1246 eta=2327s
[ 1306/1460] index=1656   8.7s translated_this_run=1247 eta=2311s
[ 1307/1460] index=1657  16.5s translated_this_run=1248 eta=2296s
[ 1308/1460] index=1658   9.8s translated_this_run=1249 eta=2281s
[ 1309/1460] index=1659  14.3s translated_this_run=1250 eta=2265s
[ 1310/1460] index=1660   9.6s translated_this_run=1251 eta=2250s
[ 1311/1460] index=1661  12.0s translated_this_run=1252 eta=2234s
[ 1312/1460] index=1664  17.3s translated_this_run=1253 eta=2220s
[ 1313/1460] index=1665  24.3s translated_this_run=1254 eta=2206s
[ 1314/1460] index=1667  18.7s translated_this_run=1255 eta=2191s
[ 1315/1460] index=1669  17.8s translated_this_run=1256 eta=2177s
[ 1316/1460] index=1670  22.4s translated_this_run=1257 eta=2162s
[ 1317/1460] index=1671  19.2s translated_this_run=1258 eta=2148s
[ 1318/1460] index=1672   8.1s translated_this_run=1259 eta=2132s
[ 1319/1460] index=1673   7.8s translated_this_run=1260 eta=2116s
[ 1320/1460] index=1674  16.4s translated_this_run=1261 eta=2101s
[ 1321/1460] index=1675  18.2s translated_this_run=1262 eta=2087s
[ 1322/1460] index=1678  16.4s translated_this_run=1263 eta=2072s
[ 1323/1460] index=1679  15.8s translated_this_run=1264 eta=2057s
[ 1324/1460] index=1680  20.2s translated_this_run=1265 eta=2042s
[ 1325/1460] index=1681  15.2s translated_this_run=1266 eta=2027s
[ 1326/1460] index=1682  16.9s translated_this_run=1267 eta=2013s
[ 1327/1460] index=1683  15.9s translated_this_run=1268 eta=1998s
[ 1328/1460] index=1684  14.3s translated_this_run=1269 eta=1983s
[ 1329/1460] index=1685  12.5s translated_this_run=1270 eta=1967s
[ 1330/1460] index=1687  17.3s translated_this_run=1271 eta=1953s
[ 1331/1460] index=1689  13.4s translated_this_run=1272 eta=1937s
[ 1332/1460] index=1690  13.9s translated_this_run=1273 eta=1922s
[ 1333/1460] index=1691  13.7s translated_this_run=1274 eta=1907s
[ 1334/1460] index=1692  12.9s translated_this_run=1275 eta=1892s
[ 1335/1460] index=1693  12.8s translated_this_run=1276 eta=1877s
[ 1336/1460] index=1694  16.7s translated_this_run=1277 eta=1862s
[ 1337/1460] index=1695   8.9s translated_this_run=1278 eta=1846s
[ 1338/1460] index=1696  33.3s translated_this_run=1279 eta=1833s
[ 1339/1460] index=1699  11.6s translated_this_run=1280 eta=1818s
[ 1340/1460] index=1700  16.3s translated_this_run=1281 eta=1803s
[ 1341/1460] index=1702   7.6s translated_this_run=1282 eta=1787s
[ 1342/1460] index=1703  10.0s translated_this_run=1283 eta=1771s
[ 1343/1460] index=1704  15.8s translated_this_run=1284 eta=1757s
[ 1344/1460] index=1707  13.3s translated_this_run=1285 eta=1741s
[ 1345/1460] index=1708  10.6s translated_this_run=1286 eta=1726s
[ 1346/1460] index=1709   9.1s translated_this_run=1287 eta=1710s
[ 1347/1460] index=1710   6.6s translated_this_run=1288 eta=1695s
[ 1348/1460] index=1711  23.6s translated_this_run=1289 eta=1680s
[ 1349/1460] index=1712  12.0s translated_this_run=1290 eta=1665s
[ 1350/1460] index=1713  17.5s translated_this_run=1291 eta=1650s
[ 1351/1460] index=1714  15.8s translated_this_run=1292 eta=1635s
[ 1352/1460] index=1715  16.0s translated_this_run=1293 eta=1621s
[ 1353/1460] index=1716  15.9s translated_this_run=1294 eta=1606s
[ 1354/1460] index=1717  14.8s translated_this_run=1295 eta=1591s
[ 1355/1460] index=1718  17.1s translated_this_run=1296 eta=1576s
[ 1356/1460] index=1719  23.1s translated_this_run=1297 eta=1561s
[ 1357/1460] index=1720  18.5s translated_this_run=1298 eta=1547s
[ 1358/1460] index=1721  40.6s translated_this_run=1299 eta=1534s
[ 1359/1460] index=1722  38.8s translated_this_run=1300 eta=1520s
[ 1360/1460] index=1724  28.5s translated_this_run=1301 eta=1506s
[ 1361/1460] index=1725  23.0s translated_this_run=1302 eta=1492s
[ 1362/1460] index=1726  19.6s translated_this_run=1303 eta=1477s
[ 1363/1460] index=1727  21.0s translated_this_run=1304 eta=1463s
[ 1364/1460] index=1728  18.9s translated_this_run=1305 eta=1448s
[ 1365/1460] index=1729  19.0s translated_this_run=1306 eta=1433s
[ 1366/1460] index=1730  12.1s translated_this_run=1307 eta=1418s
[ 1367/1460] index=1731  22.5s translated_this_run=1308 eta=1403s
[ 1368/1460] index=1732  35.2s translated_this_run=1309 eta=1389s
[ 1369/1460] index=1733  24.6s translated_this_run=1310 eta=1375s
[ 1370/1460] index=1735  29.7s translated_this_run=1311 eta=1361s
[ 1371/1460] index=1737  19.2s translated_this_run=1312 eta=1346s
[ 1372/1460] index=1738  15.4s translated_this_run=1313 eta=1331s
[ 1373/1460] index=1739  14.1s translated_this_run=1314 eta=1316s
[ 1374/1460] index=1741  18.3s translated_this_run=1315 eta=1301s
[ 1375/1460] index=1742  16.2s translated_this_run=1316 eta=1286s
[ 1376/1460] index=1743  17.5s translated_this_run=1317 eta=1271s
[ 1377/1460] index=1744  18.1s translated_this_run=1318 eta=1256s
[ 1378/1460] index=1745  13.0s translated_this_run=1319 eta=1241s
[ 1379/1460] index=1746  10.6s translated_this_run=1320 eta=1225s
[ 1380/1460] index=1747  23.6s translated_this_run=1321 eta=1211s
[ 1381/1460] index=1748  20.9s translated_this_run=1322 eta=1196s
[ 1382/1460] index=1750  15.0s translated_this_run=1323 eta=1181s
[ 1383/1460] index=1752  22.6s translated_this_run=1324 eta=1166s
[ 1384/1460] index=1753  16.9s translated_this_run=1325 eta=1151s
[ 1385/1460] index=1754  19.0s translated_this_run=1326 eta=1136s
[ 1386/1460] index=1755  23.5s translated_this_run=1327 eta=1121s
[ 1387/1460] index=1756  16.1s translated_this_run=1328 eta=1106s
[ 1388/1460] index=1758   9.5s translated_this_run=1329 eta=1091s
[ 1389/1460] index=1759  10.2s translated_this_run=1330 eta=1075s
[ 1390/1460] index=1760  19.5s translated_this_run=1331 eta=1060s
[ 1391/1460] index=1761  33.9s translated_this_run=1332 eta=1046s
[ 1392/1460] index=1762  17.0s translated_this_run=1333 eta=1031s
[ 1393/1460] index=1763  23.9s translated_this_run=1334 eta=1016s
[ 1394/1460] index=1764  17.7s translated_this_run=1335 eta=1001s
[ 1395/1460] index=1765  22.3s translated_this_run=1336 eta=986s
[ 1396/1460] index=1766  20.7s translated_this_run=1337 eta=972s
[ 1397/1460] index=1767  19.8s translated_this_run=1338 eta=957s
[ 1398/1460] index=1768  10.0s translated_this_run=1339 eta=941s
[ 1399/1460] index=1769  22.3s translated_this_run=1340 eta=926s
[ 1400/1460] index=1770  17.2s translated_this_run=1341 eta=911s
[ 1401/1460] index=1771  25.1s translated_this_run=1342 eta=896s
[ 1402/1460] index=1772  20.0s translated_this_run=1343 eta=881s
[ 1403/1460] index=1773  29.1s translated_this_run=1344 eta=867s
[ 1404/1460] index=1774  26.1s translated_this_run=1345 eta=852s
[ 1405/1460] index=1775  28.2s translated_this_run=1346 eta=837s
[ 1406/1460] index=1776  23.5s translated_this_run=1347 eta=822s
[ 1407/1460] index=1777  12.9s translated_this_run=1348 eta=807s
[ 1408/1460] index=1778  27.6s translated_this_run=1349 eta=792s
[ 1409/1460] index=1779  23.7s translated_this_run=1350 eta=777s
[ 1410/1460] index=1780  23.0s translated_this_run=1351 eta=762s
[ 1411/1460] index=1781  22.7s translated_this_run=1352 eta=748s
[ 1412/1460] index=1782  26.7s translated_this_run=1353 eta=733s
[ 1413/1460] index=1783  22.6s translated_this_run=1354 eta=718s
[ 1414/1460] index=1784  18.5s translated_this_run=1355 eta=702s
[ 1415/1460] index=1785  15.0s translated_this_run=1356 eta=687s
[ 1416/1460] index=1786  15.9s translated_this_run=1357 eta=672s
[ 1417/1460] index=1787  17.7s translated_this_run=1358 eta=657s
[ 1418/1460] index=1788  19.8s translated_this_run=1359 eta=642s
[ 1419/1460] index=1789  22.0s translated_this_run=1360 eta=626s
[ 1420/1460] index=1793  19.9s translated_this_run=1361 eta=611s
[ 1421/1460] index=1794  10.2s translated_this_run=1362 eta=596s
[ 1422/1460] index=1796  27.2s translated_this_run=1363 eta=581s
[ 1423/1460] index=1798  13.7s translated_this_run=1364 eta=566s
[ 1424/1460] index=1800  18.9s translated_this_run=1365 eta=550s
[ 1425/1460] index=1801  13.4s translated_this_run=1366 eta=535s
[ 1426/1460] index=1802  18.8s translated_this_run=1367 eta=520s
[ 1427/1460] index=1803  15.4s translated_this_run=1368 eta=505s
[ 1428/1460] index=1804  17.5s translated_this_run=1369 eta=489s
[ 1429/1460] index=1805  16.2s translated_this_run=1370 eta=474s
[ 1430/1460] index=1806  14.0s translated_this_run=1371 eta=459s
[ 1431/1460] index=1807  19.2s translated_this_run=1372 eta=443s
[ 1432/1460] index=1808  20.9s translated_this_run=1373 eta=428s
[ 1433/1460] index=1809  16.1s translated_this_run=1374 eta=413s
[ 1434/1460] index=1810  18.9s translated_this_run=1375 eta=398s
[ 1435/1460] index=1811  23.0s translated_this_run=1376 eta=383s
[ 1436/1460] index=1812  12.5s translated_this_run=1377 eta=367s
[ 1437/1460] index=1813  20.4s translated_this_run=1378 eta=352s
[ 1438/1460] index=1814  16.6s translated_this_run=1379 eta=337s
[ 1439/1460] index=1815  10.8s translated_this_run=1380 eta=321s
[ 1440/1460] index=1816  12.8s translated_this_run=1381 eta=306s
[ 1441/1460] index=1818  19.0s translated_this_run=1382 eta=291s
[ 1442/1460] index=1819  16.7s translated_this_run=1383 eta=275s
[ 1443/1460] index=1820  23.4s translated_this_run=1384 eta=260s
[ 1444/1460] index=1823  14.8s translated_this_run=1385 eta=245s
[ 1445/1460] index=1824  19.9s translated_this_run=1386 eta=229s
[ 1446/1460] index=1826  11.9s translated_this_run=1387 eta=214s
[ 1447/1460] index=1827  16.1s translated_this_run=1388 eta=199s
[ 1448/1460] index=1828  25.6s translated_this_run=1389 eta=184s
[ 1449/1460] index=1829  16.2s translated_this_run=1390 eta=168s
[ 1450/1460] index=1830  23.0s translated_this_run=1391 eta=153s
[ 1451/1460] index=1831  14.8s translated_this_run=1392 eta=138s
[ 1452/1460] index=1833  16.7s translated_this_run=1393 eta=122s
[ 1453/1460] index=1836  16.1s translated_this_run=1394 eta=107s
[ 1454/1460] index=1837  12.9s translated_this_run=1395 eta=92s
[ 1455/1460] index=1839  23.0s translated_this_run=1396 eta=76s
[ 1456/1460] index=1841  19.7s translated_this_run=1397 eta=61s
[ 1457/1460] index=1842  17.7s translated_this_run=1398 eta=46s
[ 1458/1460] index=1843  19.9s translated_this_run=1399 eta=30s
[ 1459/1460] index=1844  16.5s translated_this_run=1400 eta=15s
[ 1460/1460] index=1845  16.0s translated_this_run=1401 eta=0s
Translated claims written to datasets/processed/queries/translated/de_train_en_translated.json
